Component: ARM Compiler 5.06 update 7 (build 960) Tool: armlink [4d3601]

==============================================================================

Section Cross References

    startup_stm32g431xx.o(STACK) refers (Special) to heapauxi.o(.text) for __use_two_region_memory
    startup_stm32g431xx.o(HEAP) refers (Special) to heapauxi.o(.text) for __use_two_region_memory
    startup_stm32g431xx.o(RESET) refers (Special) to heapauxi.o(.text) for __use_two_region_memory
    startup_stm32g431xx.o(RESET) refers to startup_stm32g431xx.o(STACK) for __initial_sp
    startup_stm32g431xx.o(RESET) refers to startup_stm32g431xx.o(.text) for Reset_Handler
    startup_stm32g431xx.o(RESET) refers to stm32g4xx_it.o(i.NMI_Handler) for NMI_Handler
    startup_stm32g431xx.o(RESET) refers to stm32g4xx_it.o(i.HardFault_Handler) for HardFault_Handler
    startup_stm32g431xx.o(RESET) refers to stm32g4xx_it.o(i.MemManage_Handler) for MemManage_Handler
    startup_stm32g431xx.o(RESET) refers to stm32g4xx_it.o(i.BusFault_Handler) for BusFault_Handler
    startup_stm32g431xx.o(RESET) refers to stm32g4xx_it.o(i.UsageFault_Handler) for UsageFault_Handler
    startup_stm32g431xx.o(RESET) refers to stm32g4xx_it.o(i.SVC_Handler) for SVC_Handler
    startup_stm32g431xx.o(RESET) refers to stm32g4xx_it.o(i.DebugMon_Handler) for DebugMon_Handler
    startup_stm32g431xx.o(RESET) refers to stm32g4xx_it.o(i.PendSV_Handler) for PendSV_Handler
    startup_stm32g431xx.o(RESET) refers to stm32g4xx_it.o(i.SysTick_Handler) for SysTick_Handler
    startup_stm32g431xx.o(RESET) refers to stm32g4xx_it.o(i.DMA1_Channel1_IRQHandler) for DMA1_Channel1_IRQHandler
    startup_stm32g431xx.o(RESET) refers to stm32g4xx_it.o(i.FDCAN1_IT0_IRQHandler) for FDCAN1_IT0_IRQHandler
    startup_stm32g431xx.o(RESET) refers to stm32g4xx_it.o(i.EXTI15_10_IRQHandler) for EXTI15_10_IRQHandler
    startup_stm32g431xx.o(.text) refers (Special) to heapauxi.o(.text) for __use_two_region_memory
    startup_stm32g431xx.o(.text) refers to system_stm32g4xx.o(i.SystemInit) for SystemInit
    startup_stm32g431xx.o(.text) refers to __main.o(!!!main) for __main
    startup_stm32g431xx.o(.text) refers to startup_stm32g431xx.o(HEAP) for Heap_Mem
    startup_stm32g431xx.o(.text) refers to startup_stm32g431xx.o(STACK) for Stack_Mem
    delay.o(i.HAL_Delay) refers to delay.o(i.delay_ms) for delay_ms
    delay.o(i.delay_init) refers to stm32g4xx_hal_cortex.o(i.HAL_SYSTICK_CLKSourceConfig) for HAL_SYSTICK_CLKSourceConfig
    delay.o(i.delay_init) refers to delay.o(.data) for .data
    delay.o(i.delay_ms) refers to delay.o(i.delay_us) for delay_us
    delay.o(i.delay_us) refers to delay.o(.data) for .data
    main.o(i.SystemClock_Config) refers to rt_memclr_w.o(.text) for __aeabi_memclr4
    main.o(i.SystemClock_Config) refers to stm32g4xx_hal_pwr_ex.o(i.HAL_PWREx_ControlVoltageScaling) for HAL_PWREx_ControlVoltageScaling
    main.o(i.SystemClock_Config) refers to stm32g4xx_hal_rcc.o(i.HAL_RCC_OscConfig) for HAL_RCC_OscConfig
    main.o(i.SystemClock_Config) refers to stm32g4xx_hal_rcc.o(i.HAL_RCC_ClockConfig) for HAL_RCC_ClockConfig
    main.o(i.main) refers to stm32g4xx_hal.o(i.HAL_Init) for HAL_Init
    main.o(i.main) refers to main.o(i.SystemClock_Config) for SystemClock_Config
    main.o(i.main) refers to delay.o(i.delay_init) for delay_init
    main.o(i.main) refers to gpio.o(i.MX_GPIO_Init) for MX_GPIO_Init
    main.o(i.main) refers to dma.o(i.MX_DMA_Init) for MX_DMA_Init
    main.o(i.main) refers to adc.o(i.MX_ADC1_Init) for MX_ADC1_Init
    main.o(i.main) refers to tim.o(i.MX_TIM1_Init) for MX_TIM1_Init
    main.o(i.main) refers to tim.o(i.MX_TIM2_Init) for MX_TIM2_Init
    main.o(i.main) refers to usart.o(i.MX_USART1_UART_Init) for MX_USART1_UART_Init
    main.o(i.main) refers to fdcan.o(i.MX_FDCAN1_Init) for MX_FDCAN1_Init
    main.o(i.main) refers to foc_common.o(i.foc_init) for foc_init
    main.o(i.main) refers to foc_closeloop_control.o(i.control_data_updata) for control_data_updata
    main.o(i.main) refers to stm32g4xx_hal_gpio.o(i.HAL_GPIO_WritePin) for HAL_GPIO_WritePin
    main.o(i.main) refers to foc_dataprocess.o(i.Taskloop_select) for Taskloop_select
    main.o(i.main) refers to foc_dataprocess.o(.data) for motor_init_flag
    main.o(i.main) refers to foc_closeloop_control.o(.data) for angle_now
    gpio.o(i.MX_GPIO_Init) refers to rt_memclr_w.o(.text) for __aeabi_memclr4
    gpio.o(i.MX_GPIO_Init) refers to stm32g4xx_hal_gpio.o(i.HAL_GPIO_WritePin) for HAL_GPIO_WritePin
    gpio.o(i.MX_GPIO_Init) refers to stm32g4xx_hal_gpio.o(i.HAL_GPIO_Init) for HAL_GPIO_Init
    gpio.o(i.MX_GPIO_Init) refers to stm32g4xx_hal_cortex.o(i.HAL_NVIC_SetPriority) for HAL_NVIC_SetPriority
    gpio.o(i.MX_GPIO_Init) refers to stm32g4xx_hal_cortex.o(i.HAL_NVIC_EnableIRQ) for HAL_NVIC_EnableIRQ
    adc.o(i.HAL_ADC_MspDeInit) refers to stm32g4xx_hal_gpio.o(i.HAL_GPIO_DeInit) for HAL_GPIO_DeInit
    adc.o(i.HAL_ADC_MspDeInit) refers to stm32g4xx_hal_dma.o(i.HAL_DMA_DeInit) for HAL_DMA_DeInit
[...]
    ADC1_2_IRQHandler                        0x080002f3   Thumb Code     0  startup_stm32g431xx.o(.text)
    COMP1_2_3_IRQHandler                     0x080002f3   Thumb Code     0  startup_stm32g431xx.o(.text)
    COMP4_IRQHandler                         0x080002f3   Thumb Code     0  startup_stm32g431xx.o(.text)
    CORDIC_IRQHandler                        0x080002f3   Thumb Code     0  startup_stm32g431xx.o(.text)
    CRS_IRQHandler                           0x080002f3   Thumb Code     0  startup_stm32g431xx.o(.text)
    DMA1_Channel2_IRQHandler                 0x080002f3   Thumb Code     0  startup_stm32g431xx.o(.text)
    DMA1_Channel3_IRQHandler                 0x080002f3   Thumb Code     0  startup_stm32g431xx.o(.text)
    DMA1_Channel4_IRQHandler                 0x080002f3   Thumb Code     0  startup_stm32g431xx.o(.text)
    DMA1_Channel5_IRQHandler                 0x080002f3   Thumb Code     0  startup_stm32g431xx.o(.text)
    DMA1_Channel6_IRQHandler                 0x080002f3   Thumb Code     0  startup_stm32g431xx.o(.text)
    DMA2_Channel1_IRQHandler                 0x080002f3   Thumb Code     0  startup_stm32g431xx.o(.text)
    DMA2_Channel2_IRQHandler                 0x080002f3   Thumb Code     0  startup_stm32g431xx.o(.text)
    DMA2_Channel3_IRQHandler                 0x080002f3   Thumb Code     0  startup_stm32g431xx.o(.text)
    DMA2_Channel4_IRQHandler                 0x080002f3   Thumb Code     0  startup_stm32g431xx.o(.text)
    DMA2_Channel5_IRQHandler                 0x080002f3   Thumb Code     0  startup_stm32g431xx.o(.text)
    DMA2_Channel6_IRQHandler                 0x080002f3   Thumb Code     0  startup_stm32g431xx.o(.text)
    DMAMUX_OVR_IRQHandler                    0x080002f3   Thumb Code     0  startup_stm32g431xx.o(.text)
    EXTI0_IRQHandler                         0x080002f3   Thumb Code     0  startup_stm32g431xx.o(.text)
    EXTI1_IRQHandler                         0x080002f3   Thumb Code     0  startup_stm32g431xx.o(.text)
    EXTI2_IRQHandler                         0x080002f3   Thumb Code     0  startup_stm32g431xx.o(.text)
    EXTI3_IRQHandler                         0x080002f3   Thumb Code     0  startup_stm32g431xx.o(.text)
    EXTI4_IRQHandler                         0x080002f3   Thumb Code     0  startup_stm32g431xx.o(.text)
    EXTI9_5_IRQHandler                       0x080002f3   Thumb Code     0  startup_stm32g431xx.o(.text)
    FDCAN1_IT1_IRQHandler                    0x080002f3   Thumb Code     0  startup_stm32g431xx.o(.text)
    FLASH_IRQHandler                         0x080002f3   Thumb Code     0  startup_stm32g431xx.o(.text)
    FMAC_IRQHandler                          0x080002f3   Thumb Code     0  startup_stm32g431xx.o(.text)
    FPU_IRQHandler                           0x080002f3   Thumb Code     0  startup_stm32g431xx.o(.text)
    I2C1_ER_IRQHandler                       0x080002f3   Thumb Code     0  startup_stm32g431xx.o(.text)
    I2C1_EV_IRQHandler                       0x080002f3   Thumb Code     0  startup_stm32g431xx.o(.text)
    I2C2_ER_IRQHandler                       0x080002f3   Thumb Code     0  startup_stm32g431xx.o(.text)
    I2C2_EV_IRQHandler                       0x080002f3   Thumb Code     0  startup_stm32g431xx.o(.text)
    I2C3_ER_IRQHandler                       0x080002f3   Thumb Code     0  startup_stm32g431xx.o(.text)
    I2C3_EV_IRQHandler                       0x080002f3   Thumb Code     0  startup_stm32g431xx.o(.text)
    LPTIM1_IRQHandler                        0x080002f3   Thumb Code     0  startup_stm32g431xx.o(.text)
    LPUART1_IRQHandler                       0x080002f3   Thumb Code     0  startup_stm32g431xx.o(.text)
    PVD_PVM_IRQHandler                       0x080002f3   Thumb Code     0  startup_stm32g431xx.o(.text)
    RCC_IRQHandler                           0x080002f3   Thumb Code     0  startup_stm32g431xx.o(.text)
    RNG_IRQHandler                           0x080002f3   Thumb Code     0  startup_stm32g431xx.o(.text)
    RTC_Alarm_IRQHandler                     0x080002f3   Thumb Code     0  startup_stm32g431xx.o(.text)
    RTC_TAMP_LSECSS_IRQHandler               0x080002f3   Thumb Code     0  startup_stm32g431xx.o(.text)
    RTC_WKUP_IRQHandler                      0x080002f3   Thumb Code     0  startup_stm32g431xx.o(.text)
    SAI1_IRQHandler                          0x080002f3   Thumb Code     0  startup_stm32g431xx.o(.text)
    SPI1_IRQHandler                          0x080002f3   Thumb Code     0  startup_stm32g431xx.o(.text)
    SPI2_IRQHandler                          0x080002f3   Thumb Code     0  startup_stm32g431xx.o(.text)
    SPI3_IRQHandler                          0x080002f3   Thumb Code     0  startup_stm32g431xx.o(.text)
    TIM1_BRK_TIM15_IRQHandler                0x080002f3   Thumb Code     0  startup_stm32g431xx.o(.text)
    TIM1_CC_IRQHandler                       0x080002f3   Thumb Code     0  startup_stm32g431xx.o(.text)
    TIM1_TRG_COM_TIM17_IRQHandler            0x080002f3   Thumb Code     0  startup_stm32g431xx.o(.text)
    TIM1_UP_TIM16_IRQHandler                 0x080002f3   Thumb Code     0  startup_stm32g431xx.o(.text)
    TIM2_IRQHandler                          0x080002f3   Thumb Code     0  startup_stm32g431xx.o(.text)
    TIM3_IRQHandler                          0x080002f3   Thumb Code     0  startup_stm32g431xx.o(.text)
    TIM4_IRQHandler                          0x080002f3   Thumb Code     0  startup_stm32g431xx.o(.text)
    TIM6_DAC_IRQHandler                      0x080002f3   Thumb Code     0  startup_stm32g431xx.o(.text)
    TIM7_IRQHandler                          0x080002f3   Thumb Code     0  startup_stm32g431xx.o(.text)
    TIM8_BRK_IRQHandler                      0x080002f3   Thumb Code     0  startup_stm32g431xx.o(.text)
    TIM8_CC_IRQHandler                       0x080002f3   Thumb Code     0  startup_stm32g431xx.o(.text)
    TIM8_TRG_COM_IRQHandler                  0x080002f3   Thumb Code     0  startup_stm32g431xx.o(.text)
    TIM8_UP_IRQHandler                       0x080002f3   Thumb Code     0  startup_stm32g431xx.o(.text)
    UART4_IRQHandler                         0x080002f3   Thumb Code     0  startup_stm32g431xx.o(.text)
    UCPD1_IRQHandler                         0x080002f3   Thumb Code     0  startup_stm32g431xx.o(.text)
    USART1_IRQHandler                        0x080002f3   Thumb Code     0  startup_stm32g431xx.o(.text)
    USART2_IRQHandler                        0x080002f3   Thumb Code     0  startup_stm32g431xx.o(.text)
    USART3_IRQHandler                        0x080002f3   Thumb Code     0  startup_stm32g431xx.o(.text)
    USBWakeUp_IRQHandler                     0x080002f3   Thumb Code     0  startup_stm32g431xx.o(.text)
    USB_HP_IRQHandler                        0x080002f3   Thumb Code     0  startup_stm32g431xx.o(.text)
    USB_LP_IRQHandler                        0x080002f3   Thumb Code     0  startup_stm32g431xx.o(.text)
    WWDG_IRQHandler                          0x080002f3   Thumb Code     0  startup_stm32g431xx.o(.text)
    __user_initial_stackheap                 0x080002f5   Thumb Code     0  startup_stm32g431xx.o(.text)
    __use_no_semihosting                     0x08000319   Thumb Code     2  use_no_semi_2.o(.text)
    __aeabi_uldivmod                         0x0800031b   Thumb Code     0  lludivv7m.o(.text)
    _ll_udiv                                 0x0800031b   Thumb Code   238  lludivv7m.o(.text)
    __2printf                                0x08000409   Thumb Code    20  noretval__2printf.o(.text)
    _printf_int_dec                          0x08000421   Thumb Code   104  _printf_dec.o(.text)
    __printf                                 0x08000499   Thumb Code   270  __printf_wp.o(.text)
    __aeabi_memclr4                          0x080005a7   Thumb Code     0  rt_memclr_w.o(.text)
    __aeabi_memclr8                          0x080005a7   Thumb Code     0  rt_memclr_w.o(.text)
    __rt_memclr_w                            0x080005a7   Thumb Code    78  rt_memclr_w.o(.text)
    _memset_w                                0x080005ab   Thumb Code     0  rt_memclr_w.o(.text)
    __use_two_region_memory                  0x080005f5   Thumb Code     2  heapauxi.o(.text)
    __rt_heap_escrow$2region                 0x080005f7   Thumb Code     2  heapauxi.o(.text)
    __rt_heap_expand$2region                 0x080005f9   Thumb Code     2  heapauxi.o(.text)
    __semihosting$guard                      0x080005fb   Thumb Code     0  use_no_semi.o(.text)
    __use_no_semihosting_swi                 0x080005fb   Thumb Code     2  use_no_semi.o(.text)
    __read_errno                             0x080005fd   Thumb Code    10  _rserrno.o(.text)
    __set_errno                              0x08000607   Thumb Code    12  _rserrno.o(.text)
    _printf_int_common                       0x08000613   Thumb Code   178  _printf_intcommon.o(.text)
    __lib_sel_fp_printf                      0x080006c5   Thumb Code     2  _printf_fp_dec.o(.text)
    _printf_fp_dec_real                      0x08000877   Thumb Code   620  _printf_fp_dec.o(.text)
    _printf_char_file                        0x08000ae5   Thumb Code    32  _printf_char_file.o(.text)
    __rt_locale                              0x08000b09   Thumb Code     8  rt_locale_intlibspace.o(.text)
    __aeabi_errno_addr                       0x08000b11   Thumb Code     8  rt_errno_addr_intlibspace.o(.text)
    __errno$intlibspace                      0x08000b11   Thumb Code     0  rt_errno_addr_intlibspace.o(.text)
    __rt_errno_addr$intlibspace              0x08000b11   Thumb Code     0  rt_errno_addr_intlibspace.o(.text)
    _ll_udiv10                               0x08000b19   Thumb Code   138  lludiv10.o(.text)
    _printf_char_common                      0x08000baf   Thumb Code    32  _printf_char_common.o(.text)
    _printf_fp_infnan                        0x08000bd5   Thumb Code   112  _printf_fp_infnan.o(.text)
    _btod_etento                             0x08000c55   Thumb Code   224  bigflt0.o(.text)
    ferror                                   0x08000d39   Thumb Code     8  ferror.o(.text)
    __user_libspace                          0x08000d41   Thumb Code     8  libspace.o(.text)
    __user_perproc_libspace                  0x08000d41   Thumb Code     0  libspace.o(.text)
    __user_perthread_libspace                0x08000d41   Thumb Code     0  libspace.o(.text)
    __user_setup_stackheap                   0x08000d49   Thumb Code    74  sys_stackheap_outer.o(.text)
    exit                                     0x08000d93   Thumb Code    18  exit.o(.text)
    strcmp                                   0x08000da5   Thumb Code   128  strcmpv7m.o(.text)
    _btod_d2e                                0x08000e25   Thumb Code    62  btod.o(CL$$btod_d2e)
    _d2e_denorm_low                          0x08000e63   Thumb Code    70  btod.o(CL$$btod_d2e_denorm_low)
    _d2e_norm_op1                            0x08000ea9   Thumb Code    96  btod.o(CL$$btod_d2e_norm_op1)
    __btod_div_common                        0x08000f09   Thumb Code   696  btod.o(CL$$btod_div_common)
    _e2e                                     0x08001241   Thumb Code   220  btod.o(CL$$btod_e2e)
    _btod_ediv                               0x0800131d   Thumb Code    42  btod.o(CL$$btod_ediv)
    _btod_emul                               0x08001347   Thumb Code    42  btod.o(CL$$btod_emul)
    __btod_mult_common                       0x08001371   Thumb Code   580  btod.o(CL$$btod_mult_common)
    ADC_DMAConvCplt                          0x080015b5   Thumb Code   104  stm32g4xx_hal_adc.o(i.ADC_DMAConvCplt)
    ADC_DMAError                             0x0800161d   Thumb Code    26  stm32g4xx_hal_adc.o(i.ADC_DMAError)
    ADC_DMAHalfConvCplt                      0x08001637   Thumb Code    10  stm32g4xx_hal_adc.o(i.ADC_DMAHalfConvCplt)
    ADC_Disable                              0x08001641   Thumb Code   106  stm32g4xx_hal_adc.o(i.ADC_Disable)
    ADC_Enable                               0x080016b1   Thumb Code   154  stm32g4xx_hal_adc.o(i.ADC_Enable)
    BusFault_Handler                         0x0800175d   Thumb Code     2  stm32g4xx_it.o(i.BusFault_Handler)
    Calibration_choose                       0x08001761   Thumb Code    84  foc_common.o(i.Calibration_choose)
    CurrSense_Init                           0x080017d9   Thumb Code    54  foc_inlinecurrent.o(i.CurrSense_Init)
    DMA1_Channel1_IRQHandler                 0x0800181d   Thumb Code    28  stm32g4xx_it.o(i.DMA1_Channel1_IRQHandler)
    DebugMon_Handler                         0x080018e7   Thumb Code     2  stm32g4xx_it.o(i.DebugMon_Handler)
    DriftOffsets                             0x080018e9   Thumb Code   116  foc_inlinecurrent.o(i.DriftOffsets)
    EXTI15_10_IRQHandler                     0x08001965   Thumb Code     8  stm32g4xx_it.o(i.EXTI15_10_IRQHandler)
    Error_Handler                            0x0800196d   Thumb Code     4  main.o(i.Error_Handler)
    FDCAN1_IT0_IRQHandler                    0x08001971   Thumb Code     6  stm32g4xx_it.o(i.FDCAN1_IT0_IRQHandler)
    GetPhaseCurrent                          0x080019ed   Thumb Code    86  foc_inlinecurrent.o(i.GetPhaseCurrent)
    HAL_ADCEx_Calibration_Start              0x08001a4d   Thumb Code   138  stm32g4xx_hal_adc_ex.o(i.HAL_ADCEx_Calibration_Start)
    HAL_ADCEx_MultiModeConfigChannel         0x08001ae1   Thumb Code   208  stm32g4xx_hal_adc_ex.o(i.HAL_ADCEx_MultiModeConfigChannel)
    HAL_ADC_ConfigChannel                    0x08001bb9   Thumb Code  1006  stm32g4xx_hal_adc.o(i.HAL_ADC_ConfigChannel)
    HAL_ADC_ConvCpltCallback                 0x08001fdd   Thumb Code     2  stm32g4xx_hal_adc.o(i.HAL_ADC_ConvCpltCallback)
    HAL_ADC_ConvHalfCpltCallback             0x08001fdf   Thumb Code     2  stm32g4xx_hal_adc.o(i.HAL_ADC_ConvHalfCpltCallback)
    HAL_ADC_ErrorCallback                    0x08001fe1   Thumb Code     2  stm32g4xx_hal_adc.o(i.HAL_ADC_ErrorCallback)
    HAL_ADC_Init                             0x08001fe5   Thumb Code   466  stm32g4xx_hal_adc.o(i.HAL_ADC_Init)
    HAL_ADC_MspInit                          0x080021d9   Thumb Code   158  adc.o(i.HAL_ADC_MspInit)
    HAL_ADC_Start_DMA                        0x08002289   Thumb Code   214  stm32g4xx_hal_adc.o(i.HAL_ADC_Start_DMA)
    HAL_DMA_IRQHandler                       0x08002379   Thumb Code   186  stm32g4xx_hal_dma.o(i.HAL_DMA_IRQHandler)
    HAL_DMA_Init                             0x08002435   Thumb Code   178  stm32g4xx_hal_dma.o(i.HAL_DMA_Init)
    HAL_DMA_Start_IT                         0x080024f5   Thumb Code   140  stm32g4xx_hal_dma.o(i.HAL_DMA_Start_IT)
    HAL_FDCAN_ActivateNotification           0x08002581   Thumb Code   224  stm32g4xx_hal_fdcan.o(i.HAL_FDCAN_ActivateNotification)
    HAL_FDCAN_AddMessageToTxFifoQ            0x08002661   Thumb Code    74  stm32g4xx_hal_fdcan.o(i.HAL_FDCAN_AddMessageToTxFifoQ)
    HAL_FDCAN_ConfigFilter                   0x080026ab   Thumb Code    92  stm32g4xx_hal_fdcan.o(i.HAL_FDCAN_ConfigFilter)
    HAL_FDCAN_ConfigGlobalFilter             0x08002707   Thumb Code    54  stm32g4xx_hal_fdcan.o(i.HAL_FDCAN_ConfigGlobalFilter)
    HAL_FDCAN_ErrorCallback                  0x0800273d   Thumb Code     2  stm32g4xx_hal_fdcan.o(i.HAL_FDCAN_ErrorCallback)
    HAL_FDCAN_ErrorStatusCallback            0x0800273f   Thumb Code     2  stm32g4xx_hal_fdcan.o(i.HAL_FDCAN_ErrorStatusCallback)
    HAL_FDCAN_GetErrorCounters               0x08002741   Thumb Code    30  stm32g4xx_hal_fdcan.o(i.HAL_FDCAN_GetErrorCounters)
    HAL_FDCAN_GetRxMessage                   0x08002761   Thumb Code   270  stm32g4xx_hal_fdcan.o(i.HAL_FDCAN_GetRxMessage)
    HAL_FDCAN_HighPriorityMessageCallback    0x08002875   Thumb Code     2  stm32g4xx_hal_fdcan.o(i.HAL_FDCAN_HighPriorityMessageCallback)
    HAL_FDCAN_IRQHandler                     0x08002877   Thumb Code   356  stm32g4xx_hal_fdcan.o(i.HAL_FDCAN_IRQHandler)
    HAL_FDCAN_Init                           0x080029dd   Thumb Code   498  stm32g4xx_hal_fdcan.o(i.HAL_FDCAN_Init)
    HAL_FDCAN_MspInit                        0x08002be1   Thumb Code   132  fdcan.o(i.HAL_FDCAN_MspInit)
    HAL_FDCAN_RxFifo0Callback                0x08002c6d   Thumb Code    48  foc_dataprocess.o(i.HAL_FDCAN_RxFifo0Callback)
    HAL_FDCAN_RxFifo1Callback                0x08002ca5   Thumb Code     2  stm32g4xx_hal_fdcan.o(i.HAL_FDCAN_RxFifo1Callback)
    HAL_FDCAN_Start                          0x08002ca7   Thumb Code    44  stm32g4xx_hal_fdcan.o(i.HAL_FDCAN_Start)
    HAL_FDCAN_TimeoutOccurredCallback        0x08002cd3   Thumb Code     2  stm32g4xx_hal_fdcan.o(i.HAL_FDCAN_TimeoutOccurredCallback)
    HAL_FDCAN_TimestampWraparoundCallback    0x08002cd5   Thumb Code     2  stm32g4xx_hal_fdcan.o(i.HAL_FDCAN_TimestampWraparoundCallback)
    HAL_FDCAN_TxBufferAbortCallback          0x08002cd7   Thumb Code     2  stm32g4xx_hal_fdcan.o(i.HAL_FDCAN_TxBufferAbortCallback)
    HAL_FDCAN_TxBufferCompleteCallback       0x08002cd9   Thumb Code     2  stm32g4xx_hal_fdcan.o(i.HAL_FDCAN_TxBufferCompleteCallback)
    HAL_FDCAN_TxEventFifoCallback            0x08002cdb   Thumb Code     2  stm32g4xx_hal_fdcan.o(i.HAL_FDCAN_TxEventFifoCallback)
    HAL_FDCAN_TxFifoEmptyCallback            0x08002cdd   Thumb Code     2  stm32g4xx_hal_fdcan.o(i.HAL_FDCAN_TxFifoEmptyCallback)
    HAL_GPIO_EXTI_Callback                   0x08002cdf   Thumb Code    12  encoder.o(i.HAL_GPIO_EXTI_Callback)
    HAL_GPIO_EXTI_IRQHandler                 0x08002ced   Thumb Code    18  stm32g4xx_hal_gpio.o(i.HAL_GPIO_EXTI_IRQHandler)
    HAL_GPIO_Init                            0x08002d05   Thumb Code   550  stm32g4xx_hal_gpio.o(i.HAL_GPIO_Init)
    HAL_GPIO_WritePin                        0x08002f4d   Thumb Code    10  stm32g4xx_hal_gpio.o(i.HAL_GPIO_WritePin)
    HAL_GetTick                              0x08002f59   Thumb Code     6  stm32g4xx_hal.o(i.HAL_GetTick)
    HAL_IncTick                              0x08002f65   Thumb Code    12  stm32g4xx_hal.o(i.HAL_IncTick)
    HAL_Init                                 0x08002f75   Thumb Code    30  stm32g4xx_hal.o(i.HAL_Init)
    HAL_InitTick                             0x08002f95   Thumb Code    58  stm32g4xx_hal.o(i.HAL_InitTick)
    HAL_MspInit                              0x08002fd9   Thumb Code    42  stm32g4xx_hal_msp.o(i.HAL_MspInit)
    HAL_NVIC_EnableIRQ                       0x08003009   Thumb Code    26  stm32g4xx_hal_cortex.o(i.HAL_NVIC_EnableIRQ)
    HAL_NVIC_SetPriority                     0x08003025   Thumb Code    60  stm32g4xx_hal_cortex.o(i.HAL_NVIC_SetPriority)
    HAL_NVIC_SetPriorityGrouping             0x08003065   Thumb Code    26  stm32g4xx_hal_cortex.o(i.HAL_NVIC_SetPriorityGrouping)
    HAL_NVIC_SystemReset                     0x08003089   Thumb Code    26  stm32g4xx_hal_cortex.o(i.HAL_NVIC_SystemReset)
    HAL_PWREx_ControlVoltageScaling          0x080030ad   Thumb Code   174  stm32g4xx_hal_pwr_ex.o(i.HAL_PWREx_ControlVoltageScaling)
    HAL_PWREx_DisableUCPDDeadBattery         0x08003169   Thumb Code    12  stm32g4xx_hal_pwr_ex.o(i.HAL_PWREx_DisableUCPDDeadBattery)
    HAL_RCCEx_PeriphCLKConfig                0x08003179   Thumb Code   638  stm32g4xx_hal_rcc_ex.o(i.HAL_RCCEx_PeriphCLKConfig)
    HAL_RCC_ClockConfig                      0x08003401   Thumb Code   444  stm32g4xx_hal_rcc.o(i.HAL_RCC_ClockConfig)
    HAL_RCC_GetPCLK1Freq                     0x080035dd   Thumb Code    24  stm32g4xx_hal_rcc.o(i.HAL_RCC_GetPCLK1Freq)
    HAL_RCC_GetPCLK2Freq                     0x08003601   Thumb Code    24  stm32g4xx_hal_rcc.o(i.HAL_RCC_GetPCLK2Freq)
    HAL_RCC_GetSysClockFreq                  0x08003625   Thumb Code    98  stm32g4xx_hal_rcc.o(i.HAL_RCC_GetSysClockFreq)
    HAL_RCC_OscConfig                        0x08003691   Thumb Code  1028  stm32g4xx_hal_rcc.o(i.HAL_RCC_OscConfig)
    HAL_SYSTICK_CLKSourceConfig              0x08003a95   Thumb Code    24  stm32g4xx_hal_cortex.o(i.HAL_SYSTICK_CLKSourceConfig)
    HAL_SYSTICK_Config                       0x08003aad   Thumb Code    40  stm32g4xx_hal_cortex.o(i.HAL_SYSTICK_Config)
    HAL_TIMEx_MasterConfigSynchronization    0x08003ad5   Thumb Code   132  stm32g4xx_hal_tim_ex.o(i.HAL_TIMEx_MasterConfigSynchronization)
    HAL_TIM_Encoder_Init                     0x08003b71   Thumb Code   162  stm32g4xx_hal_tim.o(i.HAL_TIM_Encoder_Init)
    HAL_TIM_Encoder_MspInit                  0x08003c19   Thumb Code    90  tim.o(i.HAL_TIM_Encoder_MspInit)
    HAL_TIM_Encoder_Start                    0x08003c7d   Thumb Code   142  stm32g4xx_hal_tim.o(i.HAL_TIM_Encoder_Start)
    HAL_TIM_MspPostInit                      0x08003d0d   Thumb Code    72  tim.o(i.HAL_TIM_MspPostInit)
    HAL_TIM_PWM_ConfigChannel                0x08003d59   Thumb Code   292  stm32g4xx_hal_tim.o(i.HAL_TIM_PWM_ConfigChannel)
    HAL_TIM_PWM_Init                         0x08003e7d   Thumb Code    98  stm32g4xx_hal_tim.o(i.HAL_TIM_PWM_Init)
    HAL_TIM_PWM_MspInit                      0x08003ee1   Thumb Code    30  tim.o(i.HAL_TIM_PWM_MspInit)
    HAL_TIM_PWM_Start                        0x08003f05   Thumb Code   218  stm32g4xx_hal_tim.o(i.HAL_TIM_PWM_Start)
    HAL_UARTEx_DisableFifoMode               0x08004001   Thumb Code    62  stm32g4xx_hal_uart_ex.o(i.HAL_UARTEx_DisableFifoMode)
    HAL_UARTEx_SetRxFifoThreshold            0x0800403f   Thumb Code    76  stm32g4xx_hal_uart_ex.o(i.HAL_UARTEx_SetRxFifoThreshold)
    HAL_UARTEx_SetTxFifoThreshold            0x0800408b   Thumb Code    76  stm32g4xx_hal_uart_ex.o(i.HAL_UARTEx_SetTxFifoThreshold)
    HAL_UART_Init                            0x080040d7   Thumb Code   106  stm32g4xx_hal_uart.o(i.HAL_UART_Init)
    HAL_UART_MspInit                         0x08004141   Thumb Code   148  usart.o(i.HAL_UART_MspInit)
    HardFault_Handler                        0x080041e1   Thumb Code     2  stm32g4xx_it.o(i.HardFault_Handler)
    LPF_current                              0x08004245   Thumb Code   142  lowpass_filter.o(i.LPF_current)
    LPF_current_dd                           0x080042e9   Thumb Code   142  lowpass_filter.o(i.LPF_current_dd)
    LPF_current_dq                           0x0800438d   Thumb Code   142  lowpass_filter.o(i.LPF_current_dq)
    LPF_velocity                             0x08004431   Thumb Code   142  lowpass_filter.o(i.LPF_velocity)
    MX_ADC1_Init                             0x080044d5   Thumb Code   168  adc.o(i.MX_ADC1_Init)
    MX_DMA_Init                              0x08004589   Thumb Code    56  dma.o(i.MX_DMA_Init)
    MX_FDCAN1_Init                           0x080045c5   Thumb Code   174  fdcan.o(i.MX_FDCAN1_Init)
    MX_GPIO_Init                             0x08004685   Thumb Code   142  gpio.o(i.MX_GPIO_Init)
    MX_TIM1_Init                             0x0800471d   Thumb Code   108  tim.o(i.MX_TIM1_Init)
    MX_TIM2_Init                             0x08004791   Thumb Code   142  tim.o(i.MX_TIM2_Init)
    MX_USART1_UART_Init                      0x08004825   Thumb Code    94  usart.o(i.MX_USART1_UART_Init)
    MemManage_Handler                        0x0800488d   Thumb Code     2  stm32g4xx_it.o(i.MemManage_Handler)
    NMI_Handler                              0x0800488f   Thumb Code     2  stm32g4xx_it.o(i.NMI_Handler)
    PID_Controller                           0x08004891   Thumb Code   292  pid.o(i.PID_Controller)
    PID_init                                 0x080049c9   Thumb Code    94  pid.o(i.PID_init)
    PendSV_Handler                           0x08004a2d   Thumb Code     2  stm32g4xx_it.o(i.PendSV_Handler)
    Read_Encode                              0x08004a31   Thumb Code    10  encoder.o(i.Read_Encode)
    SVC_Handler                              0x08004a41   Thumb Code     2  stm32g4xx_it.o(i.SVC_Handler)
    Set_Encoder_Zero                         0x08004a45   Thumb Code    16  encoder.o(i.Set_Encoder_Zero)
    SysTick_Handler                          0x08004a5d   Thumb Code     4  stm32g4xx_it.o(i.SysTick_Handler)
    SystemClock_Config                       0x08004a61   Thumb Code   100  main.o(i.SystemClock_Config)
    SystemInit                               0x08004ac5   Thumb Code    12  system_stm32g4xx.o(i.SystemInit)
    TIM_Base_SetConfig                       0x08004ad5   Thumb Code   160  stm32g4xx_hal_tim.o(i.TIM_Base_SetConfig)
    TIM_CCxChannelCmd                        0x08004b91   Thumb Code    26  stm32g4xx_hal_tim.o(i.TIM_CCxChannelCmd)
    TIM_OC2_SetConfig                        0x08004c49   Thumb Code   120  stm32g4xx_hal_tim.o(i.TIM_OC2_SetConfig)
    Taskloop_select                          0x08004ed9   Thumb Code    46  foc_dataprocess.o(i.Taskloop_select)
    UART_AdvFeatureConfig                    0x08004f51   Thumb Code   200  stm32g4xx_hal_uart.o(i.UART_AdvFeatureConfig)
    UART_CheckIdleState                      0x08005019   Thumb Code   172  stm32g4xx_hal_uart.o(i.UART_CheckIdleState)
    UART_SetConfig                           0x08005119   Thumb Code   582  stm32g4xx_hal_uart.o(i.UART_SetConfig)
    UART_WaitOnFlagUntilTimeout              0x0800538d   Thumb Code   148  stm32g4xx_hal_uart.o(i.UART_WaitOnFlagUntilTimeout)
    UsageFault_Handler                       0x08005421   Thumb Code     2  stm32g4xx_it.o(i.UsageFault_Handler)
    __ARM_fpclassify                         0x08005423   Thumb Code    48  fpclassify.o(i.__ARM_fpclassify)
    __hardfp_atan                            0x08005479   Thumb Code   622  atan.o(i.__hardfp_atan)
    __hardfp_atan2                           0x08005751   Thumb Code   448  atan2.o(i.__hardfp_atan2)
    __hardfp_cos                             0x08005951   Thumb Code   180  cos.o(i.__hardfp_cos)
    __hardfp_floor                           0x08005a19   Thumb Code   252  floor.o(i.__hardfp_floor)
    __hardfp_fmod                            0x08005b31   Thumb Code   254  fmod.o(i.__hardfp_fmod)
    __hardfp_sin                             0x08005c39   Thumb Code   180  sin.o(i.__hardfp_sin)
    __hardfp_sqrt                            0x08005d01   Thumb Code   122  sqrt.o(i.__hardfp_sqrt)
    __ieee754_rem_pio2                       0x08005d81   Thumb Code   938  rred.o(i.__ieee754_rem_pio2)
    __kernel_cos                             0x080061b9   Thumb Code   322  cos_i.o(i.__kernel_cos)
    __kernel_poly                            0x08006329   Thumb Code   248  poly.o(i.__kernel_poly)
    __kernel_sin                             0x08006421   Thumb Code   280  sin_i.o(i.__kernel_sin)
    __mathlib_dbl_infnan                     0x08006551   Thumb Code    20  dunder.o(i.__mathlib_dbl_infnan)
    __mathlib_dbl_infnan2                    0x08006565   Thumb Code    20  dunder.o(i.__mathlib_dbl_infnan2)
    __mathlib_dbl_invalid                    0x08006579   Thumb Code    24  dunder.o(i.__mathlib_dbl_invalid)
    __mathlib_dbl_underflow                  0x08006599   Thumb Code    24  dunder.o(i.__mathlib_dbl_underflow)
    _electricalAngle                         0x080065b9   Thumb Code    42  foc_common.o(i._electricalAngle)
    _is_digit                                0x080065e9   Thumb Code    14  __printf_wp.o(i._is_digit)
    _normalizeAngle                          0x080065f9   Thumb Code    96  foc_common.o(i._normalizeAngle)
    _sys_exit                                0x0800665d   Thumb Code     2  usart.o(i._sys_exit)
    adc_dma_init                             0x08006661   Thumb Code    26  foc_inlinecurrent.o(i.adc_dma_init)
    alignSensor                              0x08006689   Thumb Code   600  foc_common.o(i.alignSensor)
    atan                                     0x080069fd   Thumb Code    16  atan.o(i.atan)
    cal_Id_test                              0x08006a0d   Thumb Code   102  foc_common.o(i.cal_Id_test)
    cal_Iq_Id                                0x08006a79   Thumb Code   114  foc_common.o(i.cal_Iq_Id)
    cal_Iq_test                              0x08006af1   Thumb Code   102  foc_common.o(i.cal_Iq_test)
    control_data_updata                      0x08006b5d   Thumb Code   126  foc_closeloop_control.o(i.control_data_updata)
    data_feedback                            0x08006be1   Thumb Code   110  foc_dataprocess.o(i.data_feedback)
    delay_init                               0x08006c69   Thumb Code    28  delay.o(i.delay_init)
    delay_ms                                 0x08006c8d   Thumb Code    10  delay.o(i.delay_ms)
    delay_us                                 0x08006c99   Thumb Code    48  delay.o(i.delay_us)
    encoder_read                             0x08006ccd   Thumb Code    48  foc_common.o(i.encoder_read)
    fabs                                     0x08006d05   Thumb Code    24  fabs.o(i.fabs)
    fdcan_send_msg                           0x08006d1d   Thumb Code    96  foc_dataprocess.o(i.fdcan_send_msg)
    foc_data_process                         0x08006d89   Thumb Code   262  foc_dataprocess.o(i.foc_data_process)
    foc_init                                 0x08006eb1   Thumb Code    86  foc_common.o(i.foc_init)
    foc_set_angle_control                    0x08006f15   Thumb Code   160  foc_closeloop_control.o(i.foc_set_angle_control)
    foc_set_angle_velocity_current_control   0x08006fc9   Thumb Code   192  foc_closeloop_control.o(i.foc_set_angle_velocity_current_control)
    foc_set_current_control                  0x080070a5   Thumb Code   122  foc_closeloop_control.o(i.foc_set_current_control)
    foc_set_velocity_control                 0x08007131   Thumb Code   160  foc_closeloop_control.o(i.foc_set_velocity_control)
    foc_set_velocity_current_control         0x080071e5   Thumb Code   166  foc_closeloop_control.o(i.foc_set_velocity_current_control)
    fputc                                    0x080072a1   Thumb Code    18  usart.o(i.fputc)
    getAngle                                 0x080072b9   Thumb Code    76  foc_common.o(i.getAngle)
    getVelocity                              0x08007311   Thumb Code   140  foc_common.o(i.getVelocity)
    get_LPF_velocity                         0x080073ad   Thumb Code    28  foc_common.o(i.get_LPF_velocity)
    get_current_raw_data                     0x080073cd   Thumb Code    34  foc_inlinecurrent.o(i.get_current_raw_data)
    main                                     0x080073f5   Thumb Code    98  main.o(i.main)
    setPhaseVoltage                          0x0800746d   Thumb Code   650  foc_common.o(i.setPhaseVoltage)
    setPwm                                   0x08007721   Thumb Code   178  foc_common.o(i.setPwm)
    _get_lc_numeric                          0x080077e5   Thumb Code    44  lc_numeric_c.o(locale$$code)
    __aeabi_dneg                             0x08007811   Thumb Code     0  basic.o(x$fpl$basic)
    _dneg                                    0x08007811   Thumb Code     6  basic.o(x$fpl$basic)
    __aeabi_fneg                             0x08007817   Thumb Code     0  basic.o(x$fpl$basic)
    _fneg                                    0x08007817   Thumb Code     6  basic.o(x$fpl$basic)
    _dabs                                    0x0800781d   Thumb Code     6  basic.o(x$fpl$basic)
    _fabs                                    0x08007823   Thumb Code     6  basic.o(x$fpl$basic)
    __aeabi_d2f                              0x08007829   Thumb Code     0  d2f.o(x$fpl$d2f)
    _d2f                                     0x08007829   Thumb Code    98  d2f.o(x$fpl$d2f)
    __aeabi_dadd                             0x0800788d   Thumb Code     0  daddsub_clz.o(x$fpl$dadd)
    _dadd                                    0x0800788d   Thumb Code   332  daddsub_clz.o(x$fpl$dadd)
    __fpl_dcmp_Inf                           0x080079dd   Thumb Code    24  dcmpi.o(x$fpl$dcmpinf)
    __aeabi_ddiv                             0x080079f5   Thumb Code     0  ddiv.o(x$fpl$ddiv)
    _ddiv                                    0x080079f5   Thumb Code   552  ddiv.o(x$fpl$ddiv)
    __aeabi_cdcmpeq                          0x08007ca5   Thumb Code     0  deqf.o(x$fpl$deqf)
    _dcmpeq                                  0x08007ca5   Thumb Code   120  deqf.o(x$fpl$deqf)
    __aeabi_d2iz                             0x08007d1d   Thumb Code     0  dfix.o(x$fpl$dfix)
    _dfix                                    0x08007d1d   Thumb Code    94  dfix.o(x$fpl$dfix)
    __aeabi_i2d                              0x08007d7b   Thumb Code     0  dflt_clz.o(x$fpl$dflt)
    _dflt                                    0x08007d7b   Thumb Code    46  dflt_clz.o(x$fpl$dflt)
    __aeabi_ui2d                             0x08007da9   Thumb Code     0  dflt_clz.o(x$fpl$dfltu)
    _dfltu                                   0x08007da9   Thumb Code    38  dflt_clz.o(x$fpl$dfltu)
    __aeabi_cdcmple                          0x08007dd1   Thumb Code     0  dleqf.o(x$fpl$dleqf)
    _dcmple                                  0x08007dd1   Thumb Code   120  dleqf.o(x$fpl$dleqf)
    __fpl_dcmple_InfNaN                      0x08007e33   Thumb Code     0  dleqf.o(x$fpl$dleqf)
    __aeabi_dmul                             0x08007e49   Thumb Code     0  dmul.o(x$fpl$dmul)
    _dmul                                    0x08007e49   Thumb Code   332  dmul.o(x$fpl$dmul)
    __fpl_dnaninf                            0x08007f9d   Thumb Code   156  dnaninf.o(x$fpl$dnaninf)
    _drem                                    0x08008039   Thumb Code   328  drem_clz.o(x$fpl$drem)
    __fpl_dretinf                            0x08008189   Thumb Code    12  dretinf.o(x$fpl$dretinf)
    __aeabi_cdrcmple                         0x08008195   Thumb Code     0  drleqf.o(x$fpl$drleqf)
    _drcmple                                 0x08008195   Thumb Code   108  drleqf.o(x$fpl$drleqf)
    __aeabi_drsub                            0x08008201   Thumb Code     0  daddsub_clz.o(x$fpl$drsb)
    _drsb                                    0x08008201   Thumb Code    22  daddsub_clz.o(x$fpl$drsb)
    _dsqrt                                   0x08008219   Thumb Code   404  dsqrt_umaal.o(x$fpl$dsqrt)
    __aeabi_dsub                             0x080083b1   Thumb Code     0  daddsub_clz.o(x$fpl$dsub)
    _dsub                                    0x080083b1   Thumb Code   464  daddsub_clz.o(x$fpl$dsub)
    __aeabi_f2d                              0x08008585   Thumb Code     0  f2d.o(x$fpl$f2d)
    _f2d                                     0x08008585   Thumb Code    86  f2d.o(x$fpl$f2d)
    __fpl_fnaninf                            0x080085db   Thumb Code   140  fnaninf.o(x$fpl$fnaninf)
    _fp_init                                 0x08008667   Thumb Code    10  fpinit.o(x$fpl$fpinit)
    __fplib_config_fpu_vfp                   0x0800866f   Thumb Code     0  fpinit.o(x$fpl$fpinit)
    __fplib_config_pureend_doubles           0x0800866f   Thumb Code     0  fpinit.o(x$fpl$fpinit)
    __fpl_fretinf                            0x08008671   Thumb Code    10  fretinf.o(x$fpl$fretinf)
    _printf_fp_dec                           0x0800867b   Thumb Code     4  printf1.o(x$fpl$printf1)
    __I$use$fp                               0x0800867e   Number         0  usenofp.o(x$fpl$usenofp)
    UARTPrescTable                           0x0800868e   Data          24  stm32g4xx_hal_uart.o(.constdata)
    AHBPrescTable                            0x080086b6   Data          16  system_stm32g4xx.o(.constdata)
    APBPrescTable                            0x080086c6   Data           8  system_stm32g4xx.o(.constdata)
    __mathlib_zero                           0x08008798   Data           8  qnan.o(.constdata)
    Region$$Table$$Base                      0x08008924   Number         0  anon$$obj.o(Region$$Table)
    Region$$Table$$Limit                     0x08008944   Number         0  anon$$obj.o(Region$$Table)
    FDCAN_init_sta                           0x20000004   Data           1  fdcan.o(.data)
    __stdout                                 0x20000008   Data           4  usart.o(.data)
    uwTickPrio                               0x2000000c   Data           4  stm32g4xx_hal.o(.data)
    uwTickFreq                               0x20000010   Data           4  stm32g4xx_hal.o(.data)
    uwTick                                   0x20000014   Data           4  stm32g4xx_hal.o(.data)
    SystemCoreClock                          0x20000018   Data           4  system_stm32g4xx.o(.data)
    encoder_angle_valid                      0x2000001c   Data           1  encoder.o(.data)
    encode                                   0x2000001e   Data           2  encoder.o(.data)
    sensor_angle                             0x20000020   Data           4  encoder.o(.data)
    raw_num                                  0x20000024   Data           2  foc_common.o(.data)
    PI                                       0x20000028   Data           4  foc_common.o(.data)
    _3PI_2                                   0x2000002c   Data           4  foc_common.o(.data)
    _PI_2                                    0x20000030   Data           4  foc_common.o(.data)
    _PI_3                                    0x20000034   Data           4  foc_common.o(.data)
    _1_SQRT3                                 0x20000038   Data           4  foc_common.o(.data)
    _2_SQRT3                                 0x2000003c   Data           4  foc_common.o(.data)
    _SQRT3                                   0x20000040   Data           4  foc_common.o(.data)
    Sensor_DIR                               0x20000044   Data           4  foc_common.o(.data)
    Motor_PP                                 0x20000048   Data           4  foc_common.o(.data)
    zero_electric_angle                      0x2000004c   Data           4  foc_common.o(.data)
    Ua                                       0x20000050   Data           4  foc_common.o(.data)
    Ub                                       0x20000054   Data           4  foc_common.o(.data)
    Uc                                       0x20000058   Data           4  foc_common.o(.data)
    dc_a                                     0x2000005c   Data           4  foc_common.o(.data)
    dc_b                                     0x20000060   Data           4  foc_common.o(.data)
    dc_c                                     0x20000064   Data           4  foc_common.o(.data)
    JIAODUnum                                0x20000068   Data           4  foc_common.o(.data)
    angle_prev                               0x2000006c   Data           4  foc_common.o(.data)
    full_rotations                           0x20000070   Data           4  foc_common.o(.data)
    velocity_calc_timestamp                  0x20000074   Data           4  foc_common.o(.data)
    angle_data_prev                          0x20000078   Data           4  foc_common.o(.data)
    tyty12                                   0x2000007c   Data           4  foc_common.o(.data)
    tyty13                                   0x20000080   Data           4  foc_common.o(.data)
    DEF_VEL_FILTER_Tf                        0x20000084   Data           4  lowpass_filter.o(.data)
    DEF_CUR_FILTER_Tf                        0x20000088   Data           4  lowpass_filter.o(.data)
    lpf_vel_timestamp                        0x2000008c   Data           4  lowpass_filter.o(.data)
    y_vel_prev                               0x20000090   Data           4  lowpass_filter.o(.data)
    lpf_cur_timestamp                        0x20000094   Data           4  lowpass_filter.o(.data)
    y_cur_prev                               0x20000098   Data           4  lowpass_filter.o(.data)
    DEF_CUR_FILTER_Tf_dq                     0x2000009c   Data           4  lowpass_filter.o(.data)
    lpf_cur_timestamp_dq                     0x200000a0   Data           4  lowpass_filter.o(.data)
    y_cur_prev_dq                            0x200000a4   Data           4  lowpass_filter.o(.data)
    DEF_CUR_FILTER_Tf_dd                     0x200000a8   Data           4  lowpass_filter.o(.data)
    lpf_cur_timestamp_dd                     0x200000ac   Data           4  lowpass_filter.o(.data)
    y_cur_prev_dd                            0x200000b0   Data           4  lowpass_filter.o(.data)
    voltage_limit                            0x200000b4   Data           4  pid.o(.data)
    pid_angle_control                        0x200000b8   Data          36  pid.o(.data)
    pid_velocity_control                     0x200000dc   Data          36  pid.o(.data)
    pid_current_control                      0x20000100   Data          36  pid.o(.data)
    pid_VC_velocity                          0x20000124   Data          36  pid.o(.data)
    pid_VC_current                           0x20000148   Data          36  pid.o(.data)
    pid_AVC_angle                            0x2000016c   Data          36  pid.o(.data)
    pid_AVC_velocity                         0x20000190   Data          36  pid.o(.data)
    pid_AVC_current                          0x200001b4   Data          36  pid.o(.data)
    angle_now                                0x200001d8   Data           4  foc_closeloop_control.o(.data)
    angle_control_output                     0x200001dc   Data           4  foc_closeloop_control.o(.data)
    velocity_now                             0x200001e0   Data           4  foc_closeloop_control.o(.data)
    velocity_control_output                  0x200001e4   Data           4  foc_closeloop_control.o(.data)
    current_now                              0x200001e8   Data           4  foc_closeloop_control.o(.data)
    current_control_output                   0x200001ec   Data           4  foc_closeloop_control.o(.data)
    I_q                                      0x200001f0   Data           4  foc_closeloop_control.o(.data)
    I_d                                      0x200001f4   Data           4  foc_closeloop_control.o(.data)
    g_adc_dma_sta                            0x200001f8   Data           1  foc_inlinecurrent.o(.data)
    _shunt_resistor                          0x200001fc   Data           4  foc_inlinecurrent.o(.data)
    amp_gain                                 0x20000200   Data           4  foc_inlinecurrent.o(.data)
    vlots_to_amps                            0x20000204   Data           4  foc_inlinecurrent.o(.data)
    offset_ia                                0x20000208   Data           4  foc_inlinecurrent.o(.data)
    offset_ib                                0x2000020c   Data           4  foc_inlinecurrent.o(.data)
    tran_vol_b                               0x20000210   Data           4  foc_inlinecurrent.o(.data)
    gain_a                                   0x20000214   Data           4  foc_inlinecurrent.o(.data)
    gain_b                                   0x20000218   Data           4  foc_inlinecurrent.o(.data)
    gain_c                                   0x2000021c   Data           4  foc_inlinecurrent.o(.data)
    g_adc_dma_buf                            0x20000220   Data           4  foc_inlinecurrent.o(.data)
    Samp_volts                               0x20000224   Data           4  foc_inlinecurrent.o(.data)
    tran_vol_a                               0x20000228   Data           4  foc_inlinecurrent.o(.data)
    data_feedback_flag                       0x2000022c   Data           1  foc_dataprocess.o(.data)
    controlloop_mode_flag                    0x2000022d   Data           1  foc_dataprocess.o(.data)
    motor_id                                 0x2000022e   Data           1  foc_dataprocess.o(.data)
    motor_init_flag                          0x2000022f   Data           1  foc_dataprocess.o(.data)
    motor_cmd                                0x20000230   Data           2  foc_dataprocess.o(.data)
    temp1                                    0x20000232   Data           2  foc_dataprocess.o(.data)
    motor_target                             0x20000234   Data           4  foc_dataprocess.o(.data)
    zero_angle                               0x20000238   Data           4  foc_dataprocess.o(.data)
    hadc1                                    0x2000023c   Data         108  adc.o(.bss)
    hdma_adc1                                0x200002a8   Data          96  adc.o(.bss)
    g_fdcanx_txheade                         0x20000308   Data          36  fdcan.o(.bss)
    g_fdcanx_rxheade                         0x2000032c   Data          40  fdcan.o(.bss)
    fdcan_filterconfig                       0x20000354   Data          24  fdcan.o(.bss)
    hfdcan1                                  0x2000036c   Data         100  fdcan.o(.bss)
    htim1                                    0x200003d0   Data          76  tim.o(.bss)
    htim2                                    0x2000041c   Data          76  tim.o(.bss)
    huart1                                   0x20000468   Data         148  usart.o(.bss)
    canbuf                                   0x200004fc   Data          20  foc_dataprocess.o(.bss)
    __libspace_start                         0x20000510   Data          96  libspace.o(.bss)
    __temporary_stack_top$libspace           0x20000570   Data           0  libspace.o(.bss)



==============================================================================

Memory Map of the image

  Image Entry point : 0x080001d9

  Load Region LR_IROM1 (Base: 0x08000000, Size: 0x00008b9c, Max: 0x00020000, ABSOLUTE, COMPRESSED[0x000089d8])

    Execution Region ER_IROM1 (Exec base: 0x08000000, Load base: 0x08000000, Size: 0x00008960, Max: 0x00020000, ABSOLUTE)

    Exec Addr    Load Addr    Size         Type   Attr      Idx    E Section Name        Object

    0x08000000   0x08000000   0x000001d8   Data   RO            3    RESET               startup_stm32g431xx.o
    0x080001d8   0x080001d8   0x00000008   Code   RO         5204  * !!!main             c_w.l(__main.o)
    0x080001e0   0x080001e0   0x00000034   Code   RO         5601    !!!scatter          c_w.l(__scatter.o)
    0x08000214   0x08000214   0x0000005a   Code   RO         5599    !!dczerorl2         c_w.l(__dczerorl2.o)
    0x0800026e   0x0800026e   0x00000002   PAD
    0x08000270   0x08000270   0x0000001c   Code   RO         5603    !!handler_zi        c_w.l(__scatter_zi.o)
    0x0800028c   0x0800028c   0x00000000   Code   RO         5199    .ARM.Collect$$_printf_percent$$00000000  c_w.l(_printf_percent.o)
    0x0800028c   0x0800028c   0x00000006   Code   RO         5198    .ARM.Collect$$_printf_percent$$00000003  c_w.l(_printf_f.o)
    0x08000292   0x08000292   0x00000006   Code   RO         5197    .ARM.Collect$$_printf_percent$$00000009  c_w.l(_printf_d.o)
    0x08000298   0x08000298   0x00000004   Code   RO         5315    .ARM.Collect$$_printf_percent$$00000017  c_w.l(_printf_percent_end.o)
    0x0800029c   0x0800029c   0x00000002   Code   RO         5479    .ARM.Collect$$libinit$$00000000  c_w.l(libinit.o)
    0x0800029e   0x0800029e   0x00000004   Code   RO         5480    .ARM.Collect$$libinit$$00000001  c_w.l(libinit2.o)
    0x080002a2   0x080002a2   0x00000000   Code   RO         5483    .ARM.Collect$$libinit$$00000004  c_w.l(libinit2.o)
    0x080002a2   0x080002a2   0x00000000   Code   RO         5486    .ARM.Collect$$libinit$$0000000A  c_w.l(libinit2.o)
    0x080002a2   0x080002a2   0x00000000   Code   RO         5488    .ARM.Collect$$libinit$$0000000C  c_w.l(libinit2.o)
    0x080002a2   0x080002a2   0x00000000   Code   RO         5490    .ARM.Collect$$libinit$$0000000E  c_w.l(libinit2.o)
    0x080002a2   0x080002a2   0x00000006   Code   RO         5491    .ARM.Collect$$libinit$$0000000F  c_w.l(libinit2.o)
    0x080002a8   0x080002a8   0x00000000   Code   RO         5493    .ARM.Collect$$libinit$$00000011  c_w.l(libinit2.o)
    0x080002a8   0x080002a8   0x00000000   Code   RO         5495    .ARM.Collect$$libinit$$00000013  c_w.l(libinit2.o)
    0x080002a8   0x080002a8   0x00000000   Code   RO         5497    .ARM.Collect$$libinit$$00000015  c_w.l(libinit2.o)
    0x080002a8   0x080002a8   0x0000000a   Code   RO         5498    .ARM.Collect$$libinit$$00000016  c_w.l(libinit2.o)
    0x080002b2   0x080002b2   0x00000000   Code   RO         5499    .ARM.Collect$$libinit$$00000017  c_w.l(libinit2.o)
    0x080002b2   0x080002b2   0x00000000   Code   RO         5501    .ARM.Collect$$libinit$$00000019  c_w.l(libinit2.o)
    0x080002b2   0x080002b2   0x00000000   Code   RO         5503    .ARM.Collect$$libinit$$0000001B  c_w.l(libinit2.o)
    0x080002b2   0x080002b2   0x00000000   Code   RO         5505    .ARM.Collect$$libinit$$0000001D  c_w.l(libinit2.o)
    0x080002b2   0x080002b2   0x00000000   Code   RO         5507    .ARM.Collect$$libinit$$0000001F  c_w.l(libinit2.o)
    0x080002b2   0x080002b2   0x00000000   Code   RO         5509    .ARM.Collect$$libinit$$00000021  c_w.l(libinit2.o)
    0x080002b2   0x080002b2   0x00000000   Code   RO         5511    .ARM.Collect$$libinit$$00000023  c_w.l(libinit2.o)
    0x080002b2   0x080002b2   0x00000000   Code   RO         5513    .ARM.Collect$$libinit$$00000025  c_w.l(libinit2.o)
    0x080002b2   0x080002b2   0x00000000   Code   RO         5517    .ARM.Collect$$libinit$$0000002C  c_w.l(libinit2.o)
    0x080002b2   0x080002b2   0x00000000   Code   RO         5519    .ARM.Collect$$libinit$$0000002E  c_w.l(libinit2.o)
    0x080002b2   0x080002b2   0x00000000   Code   RO         5521    .ARM.Collect$$libinit$$00000030  c_w.l(libinit2.o)
    0x080002b2   0x080002b2   0x00000000   Code   RO         5523    .ARM.Collect$$libinit$$00000032  c_w.l(libinit2.o)
    0x080002b2   0x080002b2   0x00000002   Code   RO         5524    .ARM.Collect$$libinit$$00000033  c_w.l(libinit2.o)
    0x080002b4   0x080002b4   0x00000002   Code   RO         5562    .ARM.Collect$$libshutdown$$00000000  c_w.l(libshutdown.o)
    0x080002b6   0x080002b6   0x00000000   Code   RO         5580    .ARM.Collect$$libshutdown$$00000002  c_w.l(libshutdown2.o)
    0x080002b6   0x080002b6   0x00000000   Code   RO         5582    .ARM.Collect$$libshutdown$$00000004  c_w.l(libshutdown2.o)
    0x080002b6   0x080002b6   0x00000000   Code   RO         5584    .ARM.Collect$$libshutdown$$00000006  c_w.l(libshutdown2.o)
    0x080002b6   0x080002b6   0x00000000   Code   RO         5587    .ARM.Collect$$libshutdown$$00000009  c_w.l(libshutdown2.o)
    0x080002b6   0x080002b6   0x00000000   Code   RO         5590    .ARM.Collect$$libshutdown$$0000000C  c_w.l(libshutdown2.o)
    0x080002b6   0x080002b6   0x00000000   Code   RO         5592    .ARM.Collect$$libshutdown$$0000000E  c_w.l(libshutdown2.o)
    0x080002b6   0x080002b6   0x00000000   Code   RO         5595    .ARM.Collect$$libshutdown$$00000011  c_w.l(libshutdown2.o)
    0x080002b6   0x080002b6   0x00000002   Code   RO         5596    .ARM.Collect$$libshutdown$$00000012  c_w.l(libshutdown2.o)
    0x080002b8   0x080002b8   0x00000000   Code   RO         5302    .ARM.Collect$$rtentry$$00000000  c_w.l(__rtentry.o)
    0x080002b8   0x080002b8   0x00000000   Code   RO         5387    .ARM.Collect$$rtentry$$00000002  c_w.l(__rtentry2.o)
    0x080002b8   0x080002b8   0x00000006   Code   RO         5399    .ARM.Collect$$rtentry$$00000004  c_w.l(__rtentry4.o)
    0x080002be   0x080002be   0x00000000   Code   RO         5389    .ARM.Collect$$rtentry$$00000009  c_w.l(__rtentry2.o)
    0x080002be   0x080002be   0x00000004   Code   RO         5390    .ARM.Collect$$rtentry$$0000000A  c_w.l(__rtentry2.o)
    0x080002c2   0x080002c2   0x00000000   Code   RO         5392    .ARM.Collect$$rtentry$$0000000C  c_w.l(__rtentry2.o)
    0x080002c2   0x080002c2   0x00000008   Code   RO         5393    .ARM.Collect$$rtentry$$0000000D  c_w.l(__rtentry2.o)
    0x080002ca   0x080002ca   0x00000002   Code   RO         5525    .ARM.Collect$$rtexit$$00000000  c_w.l(rtexit.o)
    0x080002cc   0x080002cc   0x00000000   Code   RO         5538    .ARM.Collect$$rtexit$$00000002  c_w.l(rtexit2.o)
    0x080002cc   0x080002cc   0x00000004   Code   RO         5539    .ARM.Collect$$rtexit$$00000003  c_w.l(rtexit2.o)
    0x080002d0   0x080002d0   0x00000006   Code   RO         5540    .ARM.Collect$$rtexit$$00000004  c_w.l(rtexit2.o)
    0x080002d6   0x080002d6   0x00000002   PAD
    0x080002d8   0x080002d8   0x00000040   Code   RO            4    .text               startup_stm32g431xx.o
    0x08000318   0x08000318   0x00000002   Code   RO         5165    .text               c_w.l(use_no_semi_2.o)
    0x0800031a   0x0800031a   0x000000ee   Code   RO         5167    .text               c_w.l(lludivv7m.o)
    0x08000408   0x08000408   0x00000018   Code   RO         5171    .text               c_w.l(noretval__2printf.o)
    0x08000420   0x08000420   0x00000078   Code   RO         5175    .text               c_w.l(_printf_dec.o)
    0x08000498   0x08000498   0x0000010e   Code   RO         5185    .text               c_w.l(__printf_wp.o)
    0x080005a6   0x080005a6   0x0000004e   Code   RO         5200    .text               c_w.l(rt_memclr_w.o)
    0x080005f4   0x080005f4   0x00000006   Code   RO         5202    .text               c_w.l(heapauxi.o)
    0x080005fa   0x080005fa   0x00000002   Code   RO         5300    .text               c_w.l(use_no_semi.o)
    0x080005fc   0x080005fc   0x00000016   Code   RO         5307    .text               c_w.l(_rserrno.o)
    0x08000612   0x08000612   0x000000b2   Code   RO         5309    .text               c_w.l(_printf_intcommon.o)
    0x080006c4   0x080006c4   0x0000041e   Code   RO         5311    .text               c_w.l(_printf_fp_dec.o)
    0x08000ae2   0x08000ae2   0x00000002   PAD
    0x08000ae4   0x08000ae4   0x00000024   Code   RO         5313    .text               c_w.l(_printf_char_file.o)
    0x08000b08   0x08000b08   0x00000008   Code   RO         5406    .text               c_w.l(rt_locale_intlibspace.o)
    0x08000b10   0x08000b10   0x00000008   Code   RO         5411    .text               c_w.l(rt_errno_addr_intlibspace.o)
    0x08000b18   0x08000b18   0x0000008a   Code   RO         5413    .text               c_w.l(lludiv10.o)
    0x08000ba2   0x08000ba2   0x00000002   PAD
    0x08000ba4   0x08000ba4   0x00000030   Code   RO         5415    .text               c_w.l(_printf_char_common.o)
    0x08000bd4   0x08000bd4   0x00000080   Code   RO         5417    .text               c_w.l(_printf_fp_infnan.o)
    0x08000c54   0x08000c54   0x000000e4   Code   RO         5419    .text               c_w.l(bigflt0.o)
    0x08000d38   0x08000d38   0x00000008   Code   RO         5444    .text               c_w.l(ferror.o)
    0x08000d40   0x08000d40   0x00000008   Code   RO         5459    .text               c_w.l(libspace.o)
    0x08000d48   0x08000d48   0x0000004a   Code   RO         5462    .text               c_w.l(sys_stackheap_outer.o)
    0x08000d92   0x08000d92   0x00000012   Code   RO         5466    .text               c_w.l(exit.o)
    0x08000da4   0x08000da4   0x00000080   Code   RO         5472    .text               c_w.l(strcmpv7m.o)
    0x08000e24   0x08000e24   0x0000003e   Code   RO         5422    CL$$btod_d2e        c_w.l(btod.o)
    0x08000e62   0x08000e62   0x00000046   Code   RO         5424    CL$$btod_d2e_denorm_low  c_w.l(btod.o)
    0x08000ea8   0x08000ea8   0x00000060   Code   RO         5423    CL$$btod_d2e_norm_op1  c_w.l(btod.o)
    0x08000f08   0x08000f08   0x00000338   Code   RO         5432    CL$$btod_div_common  c_w.l(btod.o)
    0x08001240   0x08001240   0x000000dc   Code   RO         5429    CL$$btod_e2e        c_w.l(btod.o)
    0x0800131c   0x0800131c   0x0000002a   Code   RO         5426    CL$$btod_ediv       c_w.l(btod.o)
    0x08001346   0x08001346   0x0000002a   Code   RO         5425    CL$$btod_emul       c_w.l(btod.o)
    0x08001370   0x08001370   0x00000244   Code   RO         5431    CL$$btod_mult_common  c_w.l(btod.o)
    0x080015b4   0x080015b4   0x00000068   Code   RO          661    i.ADC_DMAConvCplt   stm32g4xx_hal_adc.o
    0x0800161c   0x0800161c   0x0000001a   Code   RO          662    i.ADC_DMAError      stm32g4xx_hal_adc.o
    0x08001636   0x08001636   0x0000000a   Code   RO          663    i.ADC_DMAHalfConvCplt  stm32g4xx_hal_adc.o
    0x08001640   0x08001640   0x00000070   Code   RO          664    i.ADC_Disable       stm32g4xx_hal_adc.o
    0x080016b0   0x080016b0   0x000000ac   Code   RO          665    i.ADC_Enable        stm32g4xx_hal_adc.o
    0x0800175c   0x0800175c   0x00000002   Code   RO          543    i.BusFault_Handler  stm32g4xx_it.o
    0x0800175e   0x0800175e   0x00000002   PAD
    0x08001760   0x08001760   0x00000078   Code   RO         4765    i.Calibration_choose  foc_common.o
    0x080017d8   0x080017d8   0x00000044   Code   RO         5050    i.CurrSense_Init    foc_inlinecurrent.o
    0x0800181c   0x0800181c   0x00000028   Code   RO          544    i.DMA1_Channel1_IRQHandler  stm32g4xx_it.o
    0x08001844   0x08001844   0x00000040   Code   RO         1958    i.DMA_CalcDMAMUXChannelBaseAndMask  stm32g4xx_hal_dma.o
    0x08001884   0x08001884   0x00000024   Code   RO         1959    i.DMA_CalcDMAMUXRequestGenBaseAndMask  stm32g4xx_hal_dma.o
    0x080018a8   0x080018a8   0x0000003e   Code   RO         1960    i.DMA_SetConfig     stm32g4xx_hal_dma.o
    0x080018e6   0x080018e6   0x00000002   Code   RO          545    i.DebugMon_Handler  stm32g4xx_it.o
    0x080018e8   0x080018e8   0x0000007c   Code   RO         5051    i.DriftOffsets      foc_inlinecurrent.o
    0x08001964   0x08001964   0x00000008   Code   RO          546    i.EXTI15_10_IRQHandler  stm32g4xx_it.o
    0x0800196c   0x0800196c   0x00000004   Code   RO          235    i.Error_Handler     main.o
    0x08001970   0x08001970   0x0000000c   Code   RO          547    i.FDCAN1_IT0_IRQHandler  stm32g4xx_it.o
    0x0800197c   0x0800197c   0x00000070   Code   RO         2612    i.FDCAN_CopyMessageToRAM  stm32g4xx_hal_fdcan.o
    0x080019ec   0x080019ec   0x00000060   Code   RO         5052    i.GetPhaseCurrent   foc_inlinecurrent.o
    0x08001a4c   0x08001a4c   0x00000094   Code   RO          898    i.HAL_ADCEx_Calibration_Start  stm32g4xx_hal_adc_ex.o
    0x08001ae0   0x08001ae0   0x000000d8   Code   RO          915    i.HAL_ADCEx_MultiModeConfigChannel  stm32g4xx_hal_adc_ex.o
    0x08001bb8   0x08001bb8   0x00000424   Code   RO          667    i.HAL_ADC_ConfigChannel  stm32g4xx_hal_adc.o
    0x08001fdc   0x08001fdc   0x00000002   Code   RO          668    i.HAL_ADC_ConvCpltCallback  stm32g4xx_hal_adc.o
    0x08001fde   0x08001fde   0x00000002   Code   RO          669    i.HAL_ADC_ConvHalfCpltCallback  stm32g4xx_hal_adc.o
    0x08001fe0   0x08001fe0   0x00000002   Code   RO          671    i.HAL_ADC_ErrorCallback  stm32g4xx_hal_adc.o
    0x08001fe2   0x08001fe2   0x00000002   PAD
    0x08001fe4   0x08001fe4   0x000001f4   Code   RO          676    i.HAL_ADC_Init      stm32g4xx_hal_adc.o
    0x080021d8   0x080021d8   0x000000b0   Code   RO          296    i.HAL_ADC_MspInit   adc.o
    0x08002288   0x08002288   0x000000f0   Code   RO          684    i.HAL_ADC_Start_DMA  stm32g4xx_hal_adc.o
    0x08002378   0x08002378   0x000000ba   Code   RO         1966    i.HAL_DMA_IRQHandler  stm32g4xx_hal_dma.o
    0x08002432   0x08002432   0x00000002   PAD
    0x08002434   0x08002434   0x000000c0   Code   RO         1967    i.HAL_DMA_Init      stm32g4xx_hal_dma.o
    0x080024f4   0x080024f4   0x0000008c   Code   RO         1971    i.HAL_DMA_Start_IT  stm32g4xx_hal_dma.o
    0x08002580   0x08002580   0x000000e0   Code   RO         2614    i.HAL_FDCAN_ActivateNotification  stm32g4xx_hal_fdcan.o
    0x08002660   0x08002660   0x0000004a   Code   RO         2615    i.HAL_FDCAN_AddMessageToTxFifoQ  stm32g4xx_hal_fdcan.o
    0x080026aa   0x080026aa   0x0000005c   Code   RO         2617    i.HAL_FDCAN_ConfigFilter  stm32g4xx_hal_fdcan.o
    0x08002706   0x08002706   0x00000036   Code   RO         2618    i.HAL_FDCAN_ConfigGlobalFilter  stm32g4xx_hal_fdcan.o
    0x0800273c   0x0800273c   0x00000002   Code   RO         2638    i.HAL_FDCAN_ErrorCallback  stm32g4xx_hal_fdcan.o
    0x0800273e   0x0800273e   0x00000002   Code   RO         2639    i.HAL_FDCAN_ErrorStatusCallback  stm32g4xx_hal_fdcan.o
    0x08002740   0x08002740   0x0000001e   Code   RO         2643    i.HAL_FDCAN_GetErrorCounters  stm32g4xx_hal_fdcan.o
    0x0800275e   0x0800275e   0x00000002   PAD
    0x08002760   0x08002760   0x00000114   Code   RO         2648    i.HAL_FDCAN_GetRxMessage  stm32g4xx_hal_fdcan.o
    0x08002874   0x08002874   0x00000002   Code   RO         2654    i.HAL_FDCAN_HighPriorityMessageCallback  stm32g4xx_hal_fdcan.o
    0x08002876   0x08002876   0x00000164   Code   RO         2655    i.HAL_FDCAN_IRQHandler  stm32g4xx_hal_fdcan.o
    0x080029da   0x080029da   0x00000002   PAD
    0x080029dc   0x080029dc   0x00000204   Code   RO         2656    i.HAL_FDCAN_Init    stm32g4xx_hal_fdcan.o
    0x08002be0   0x08002be0   0x0000008c   Code   RO          362    i.HAL_FDCAN_MspInit  fdcan.o
    0x08002c6c   0x08002c6c   0x00000038   Code   RO         5105    i.HAL_FDCAN_RxFifo0Callback  foc_dataprocess.o
    0x08002ca4   0x08002ca4   0x00000002   Code   RO         2664    i.HAL_FDCAN_RxFifo1Callback  stm32g4xx_hal_fdcan.o
    0x08002ca6   0x08002ca6   0x0000002c   Code   RO         2665    i.HAL_FDCAN_Start   stm32g4xx_hal_fdcan.o
    0x08002cd2   0x08002cd2   0x00000002   Code   RO         2667    i.HAL_FDCAN_TimeoutOccurredCallback  stm32g4xx_hal_fdcan.o
    0x08002cd4   0x08002cd4   0x00000002   Code   RO         2668    i.HAL_FDCAN_TimestampWraparoundCallback  stm32g4xx_hal_fdcan.o
    0x08002cd6   0x08002cd6   0x00000002   Code   RO         2669    i.HAL_FDCAN_TxBufferAbortCallback  stm32g4xx_hal_fdcan.o
    0x08002cd8   0x08002cd8   0x00000002   Code   RO         2670    i.HAL_FDCAN_TxBufferCompleteCallback  stm32g4xx_hal_fdcan.o
    0x08002cda   0x08002cda   0x00000002   Code   RO         2671    i.HAL_FDCAN_TxEventFifoCallback  stm32g4xx_hal_fdcan.o
    0x08002cdc   0x08002cdc   0x00000002   Code   RO         2672    i.HAL_FDCAN_TxFifoEmptyCallback  stm32g4xx_hal_fdcan.o
    0x08002cde   0x08002cde   0x0000000c   Code   RO         4719    i.HAL_GPIO_EXTI_Callback  encoder.o
    0x08002cea   0x08002cea   0x00000002   PAD
    0x08002cec   0x08002cec   0x00000018   Code   RO         1822    i.HAL_GPIO_EXTI_IRQHandler  stm32g4xx_hal_gpio.o
    0x08002d04   0x08002d04   0x00000248   Code   RO         1823    i.HAL_GPIO_Init     stm32g4xx_hal_gpio.o
    0x08002f4c   0x08002f4c   0x0000000a   Code   RO         1827    i.HAL_GPIO_WritePin  stm32g4xx_hal_gpio.o
    0x08002f56   0x08002f56   0x00000002   PAD
    0x08002f58   0x08002f58   0x0000000c   Code   RO         1118    i.HAL_GetTick       stm32g4xx_hal.o
    0x08002f64   0x08002f64   0x00000010   Code   RO         1124    i.HAL_IncTick       stm32g4xx_hal.o
    0x08002f74   0x08002f74   0x0000001e   Code   RO         1125    i.HAL_Init          stm32g4xx_hal.o
    0x08002f92   0x08002f92   0x00000002   PAD
    0x08002f94   0x08002f94   0x00000044   Code   RO         1126    i.HAL_InitTick      stm32g4xx_hal.o
    0x08002fd8   0x08002fd8   0x00000030   Code   RO          636    i.HAL_MspInit       stm32g4xx_hal_msp.o
    0x08003008   0x08003008   0x0000001a   Code   RO         2472    i.HAL_NVIC_EnableIRQ  stm32g4xx_hal_cortex.o
    0x08003022   0x08003022   0x00000002   PAD
    0x08003024   0x08003024   0x00000040   Code   RO         2478    i.HAL_NVIC_SetPriority  stm32g4xx_hal_cortex.o
    0x08003064   0x08003064   0x00000024   Code   RO         2479    i.HAL_NVIC_SetPriorityGrouping  stm32g4xx_hal_cortex.o
    0x08003088   0x08003088   0x00000024   Code   RO         2480    i.HAL_NVIC_SystemReset  stm32g4xx_hal_cortex.o
    0x080030ac   0x080030ac   0x000000bc   Code   RO         2226    i.HAL_PWREx_ControlVoltageScaling  stm32g4xx_hal_pwr_ex.o
    0x08003168   0x08003168   0x00000010   Code   RO         2238    i.HAL_PWREx_DisableUCPDDeadBattery  stm32g4xx_hal_pwr_ex.o
    0x08003178   0x08003178   0x00000288   Code   RO         1485    i.HAL_RCCEx_PeriphCLKConfig  stm32g4xx_hal_rcc_ex.o
    0x08003400   0x08003400   0x000001dc   Code   RO         1360    i.HAL_RCC_ClockConfig  stm32g4xx_hal_rcc.o
    0x080035dc   0x080035dc   0x00000024   Code   RO         1368    i.HAL_RCC_GetPCLK1Freq  stm32g4xx_hal_rcc.o
    0x08003600   0x08003600   0x00000024   Code   RO         1369    i.HAL_RCC_GetPCLK2Freq  stm32g4xx_hal_rcc.o
    0x08003624   0x08003624   0x0000006c   Code   RO         1370    i.HAL_RCC_GetSysClockFreq  stm32g4xx_hal_rcc.o
    0x08003690   0x08003690   0x00000404   Code   RO         1373    i.HAL_RCC_OscConfig  stm32g4xx_hal_rcc.o
    0x08003a94   0x08003a94   0x00000018   Code   RO         2481    i.HAL_SYSTICK_CLKSourceConfig  stm32g4xx_hal_cortex.o
    0x08003aac   0x08003aac   0x00000028   Code   RO         2483    i.HAL_SYSTICK_Config  stm32g4xx_hal_cortex.o
    0x08003ad4   0x08003ad4   0x0000009c   Code   RO         3755    i.HAL_TIMEx_MasterConfigSynchronization  stm32g4xx_hal_tim_ex.o
    0x08003b70   0x08003b70   0x000000a8   Code   RO         3020    i.HAL_TIM_Encoder_Init  stm32g4xx_hal_tim.o
    0x08003c18   0x08003c18   0x00000064   Code   RO          407    i.HAL_TIM_Encoder_MspInit  tim.o
    0x08003c7c   0x08003c7c   0x0000008e   Code   RO         3023    i.HAL_TIM_Encoder_Start  stm32g4xx_hal_tim.o
    0x08003d0a   0x08003d0a   0x00000002   PAD
    0x08003d0c   0x08003d0c   0x0000004c   Code   RO          408    i.HAL_TIM_MspPostInit  tim.o
    0x08003d58   0x08003d58   0x00000124   Code   RO         3071    i.HAL_TIM_PWM_ConfigChannel  stm32g4xx_hal_tim.o
    0x08003e7c   0x08003e7c   0x00000062   Code   RO         3074    i.HAL_TIM_PWM_Init  stm32g4xx_hal_tim.o
    0x08003ede   0x08003ede   0x00000002   PAD
    0x08003ee0   0x08003ee0   0x00000024   Code   RO          410    i.HAL_TIM_PWM_MspInit  tim.o
    0x08003f04   0x08003f04   0x000000fc   Code   RO         3079    i.HAL_TIM_PWM_Start  stm32g4xx_hal_tim.o
    0x08004000   0x08004000   0x0000003e   Code   RO         4562    i.HAL_UARTEx_DisableFifoMode  stm32g4xx_hal_uart_ex.o
    0x0800403e   0x0800403e   0x0000004c   Code   RO         4571    i.HAL_UARTEx_SetRxFifoThreshold  stm32g4xx_hal_uart_ex.o
    0x0800408a   0x0800408a   0x0000004c   Code   RO         4572    i.HAL_UARTEx_SetTxFifoThreshold  stm32g4xx_hal_uart_ex.o
    0x080040d6   0x080040d6   0x0000006a   Code   RO         4171    i.HAL_UART_Init     stm32g4xx_hal_uart.o
    0x08004140   0x08004140   0x000000a0   Code   RO          473    i.HAL_UART_MspInit  usart.o
    0x080041e0   0x080041e0   0x00000002   Code   RO          548    i.HardFault_Handler  stm32g4xx_it.o
    0x080041e2   0x080041e2   0x0000000c   Code   RO          690    i.LL_ADC_GetOffsetChannel  stm32g4xx_hal_adc.o
    0x080041ee   0x080041ee   0x00000008   Code   RO          691    i.LL_ADC_INJ_IsConversionOngoing  stm32g4xx_hal_adc.o
    0x080041f6   0x080041f6   0x00000008   Code   RO          692    i.LL_ADC_REG_IsConversionOngoing  stm32g4xx_hal_adc.o
    0x080041fe   0x080041fe   0x00000008   Code   RO          925    i.LL_ADC_REG_IsConversionOngoing  stm32g4xx_hal_adc_ex.o
    0x08004206   0x08004206   0x00000010   Code   RO          693    i.LL_ADC_REG_IsTriggerSourceSWStart  stm32g4xx_hal_adc.o
    0x08004216   0x08004216   0x0000001e   Code   RO          695    i.LL_ADC_SetChannelSamplingTime  stm32g4xx_hal_adc.o
    0x08004234   0x08004234   0x00000010   Code   RO          696    i.LL_ADC_SetOffsetState  stm32g4xx_hal_adc.o
    0x08004244   0x08004244   0x000000a4   Code   RO         4903    i.LPF_current       lowpass_filter.o
    0x080042e8   0x080042e8   0x000000a4   Code   RO         4904    i.LPF_current_dd    lowpass_filter.o
    0x0800438c   0x0800438c   0x000000a4   Code   RO         4905    i.LPF_current_dq    lowpass_filter.o
    0x08004430   0x08004430   0x000000a4   Code   RO         4906    i.LPF_velocity      lowpass_filter.o
    0x080044d4   0x080044d4   0x000000b4   Code   RO          297    i.MX_ADC1_Init      adc.o
    0x08004588   0x08004588   0x0000003c   Code   RO          337    i.MX_DMA_Init       dma.o
    0x080045c4   0x080045c4   0x000000c0   Code   RO          363    i.MX_FDCAN1_Init    fdcan.o
    0x08004684   0x08004684   0x00000098   Code   RO          271    i.MX_GPIO_Init      gpio.o
    0x0800471c   0x0800471c   0x00000074   Code   RO          411    i.MX_TIM1_Init      tim.o
    0x08004790   0x08004790   0x00000094   Code   RO          412    i.MX_TIM2_Init      tim.o
    0x08004824   0x08004824   0x00000068   Code   RO          474    i.MX_USART1_UART_Init  usart.o
    0x0800488c   0x0800488c   0x00000002   Code   RO          549    i.MemManage_Handler  stm32g4xx_it.o
    0x0800488e   0x0800488e   0x00000002   Code   RO          550    i.NMI_Handler       stm32g4xx_it.o
    0x08004890   0x08004890   0x00000138   Code   RO         4951    i.PID_Controller    pid.o
    0x080049c8   0x080049c8   0x00000064   Code   RO         4952    i.PID_init          pid.o
    0x08004a2c   0x08004a2c   0x00000002   Code   RO          551    i.PendSV_Handler    stm32g4xx_it.o
    0x08004a2e   0x08004a2e   0x00000002   PAD
    0x08004a30   0x08004a30   0x00000010   Code   RO         4720    i.Read_Encode       encoder.o
    0x08004a40   0x08004a40   0x00000002   Code   RO          552    i.SVC_Handler       stm32g4xx_it.o
    0x08004a42   0x08004a42   0x00000002   PAD
    0x08004a44   0x08004a44   0x00000018   Code   RO         4721    i.Set_Encoder_Zero  encoder.o
    0x08004a5c   0x08004a5c   0x00000004   Code   RO          553    i.SysTick_Handler   stm32g4xx_it.o
    0x08004a60   0x08004a60   0x00000064   Code   RO          236    i.SystemClock_Config  main.o
    0x08004ac4   0x08004ac4   0x00000010   Code   RO         4681    i.SystemInit        system_stm32g4xx.o
    0x08004ad4   0x08004ad4   0x000000bc   Code   RO         3092    i.TIM_Base_SetConfig  stm32g4xx_hal_tim.o
    0x08004b90   0x08004b90   0x0000001a   Code   RO         3093    i.TIM_CCxChannelCmd  stm32g4xx_hal_tim.o
    0x08004baa   0x08004baa   0x00000002   PAD
    0x08004bac   0x08004bac   0x0000009c   Code   RO         3105    i.TIM_OC1_SetConfig  stm32g4xx_hal_tim.o
    0x08004c48   0x08004c48   0x00000090   Code   RO         3106    i.TIM_OC2_SetConfig  stm32g4xx_hal_tim.o
    0x08004cd8   0x08004cd8   0x00000090   Code   RO         3107    i.TIM_OC3_SetConfig  stm32g4xx_hal_tim.o
    0x08004d68   0x08004d68   0x00000090   Code   RO         3108    i.TIM_OC4_SetConfig  stm32g4xx_hal_tim.o
    0x08004df8   0x08004df8   0x00000070   Code   RO         3109    i.TIM_OC5_SetConfig  stm32g4xx_hal_tim.o
    0x08004e68   0x08004e68   0x00000070   Code   RO         3110    i.TIM_OC6_SetConfig  stm32g4xx_hal_tim.o
    0x08004ed8   0x08004ed8   0x00000034   Code   RO         5106    i.Taskloop_select   foc_dataprocess.o
    0x08004f0c   0x08004f0c   0x00000044   Code   RO         4576    i.UARTEx_SetNbDataToProcess  stm32g4xx_hal_uart_ex.o
    0x08004f50   0x08004f50   0x000000c8   Code   RO         4185    i.UART_AdvFeatureConfig  stm32g4xx_hal_uart.o
    0x08005018   0x08005018   0x000000ac   Code   RO         4186    i.UART_CheckIdleState  stm32g4xx_hal_uart.o
    0x080050c4   0x080050c4   0x00000054   Code   RO         4197    i.UART_EndRxTransfer  stm32g4xx_hal_uart.o
    0x08005118   0x08005118   0x00000274   Code   RO         4203    i.UART_SetConfig    stm32g4xx_hal_uart.o
    0x0800538c   0x0800538c   0x00000094   Code   RO         4210    i.UART_WaitOnFlagUntilTimeout  stm32g4xx_hal_uart.o
    0x08005420   0x08005420   0x00000002   Code   RO          554    i.UsageFault_Handler  stm32g4xx_it.o
    0x08005422   0x08005422   0x00000030   Code   RO         5455    i.__ARM_fpclassify  m_wm.l(fpclassify.o)
    0x08005452   0x08005452   0x00000020   Code   RO         2485    i.__NVIC_SetPriority  stm32g4xx_hal_cortex.o
    0x08005472   0x08005472   0x00000006   PAD
    0x08005478   0x08005478   0x000002d8   Code   RO         5337    i.__hardfp_atan     m_wm.l(atan.o)
    0x08005750   0x08005750   0x00000200   Code   RO         5234    i.__hardfp_atan2    m_wm.l(atan2.o)
    0x08005950   0x08005950   0x000000c8   Code   RO         5246    i.__hardfp_cos      m_wm.l(cos.o)
    0x08005a18   0x08005a18   0x00000118   Code   RO         5258    i.__hardfp_floor    m_wm.l(floor.o)
    0x08005b30   0x08005b30   0x00000104   Code   RO         5264    i.__hardfp_fmod     m_wm.l(fmod.o)
    0x08005c34   0x08005c34   0x00000004   PAD
    0x08005c38   0x08005c38   0x000000c8   Code   RO         5276    i.__hardfp_sin      m_wm.l(sin.o)
    0x08005d00   0x08005d00   0x0000007a   Code   RO         5288    i.__hardfp_sqrt     m_wm.l(sqrt.o)
    0x08005d7a   0x08005d7a   0x00000006   PAD
    0x08005d80   0x08005d80   0x00000438   Code   RO         5375    i.__ieee754_rem_pio2  m_wm.l(rred.o)
    0x080061b8   0x080061b8   0x00000170   Code   RO         5351    i.__kernel_cos      m_wm.l(cos_i.o)
    0x08006328   0x08006328   0x000000f8   Code   RO         5457    i.__kernel_poly     m_wm.l(poly.o)
    0x08006420   0x08006420   0x00000130   Code   RO         5380    i.__kernel_sin      m_wm.l(sin_i.o)
    0x08006550   0x08006550   0x00000014   Code   RO         5355    i.__mathlib_dbl_infnan  m_wm.l(dunder.o)
    0x08006564   0x08006564   0x00000014   Code   RO         5356    i.__mathlib_dbl_infnan2  m_wm.l(dunder.o)
    0x08006578   0x08006578   0x00000020   Code   RO         5357    i.__mathlib_dbl_invalid  m_wm.l(dunder.o)
    0x08006598   0x08006598   0x00000020   Code   RO         5360    i.__mathlib_dbl_underflow  m_wm.l(dunder.o)
    0x080065b8   0x080065b8   0x00000030   Code   RO         4766    i._electricalAngle  foc_common.o
    0x080065e8   0x080065e8   0x0000000e   Code   RO         5187    i._is_digit         c_w.l(__printf_wp.o)
    0x080065f6   0x080065f6   0x00000002   PAD
    0x080065f8   0x080065f8   0x00000064   Code   RO         4767    i._normalizeAngle   foc_common.o
    0x0800665c   0x0800665c   0x00000002   Code   RO          476    i._sys_exit         usart.o
    0x0800665e   0x0800665e   0x00000002   PAD
    0x08006660   0x08006660   0x00000028   Code   RO         5053    i.adc_dma_init      foc_inlinecurrent.o
    0x08006688   0x08006688   0x00000374   Code   RO         4768    i.alignSensor       foc_common.o
    0x080069fc   0x080069fc   0x00000010   Code   RO         5339    i.atan              m_wm.l(atan.o)
    0x08006a0c   0x08006a0c   0x0000006c   Code   RO         4769    i.cal_Id_test       foc_common.o
    0x08006a78   0x08006a78   0x00000078   Code   RO         4770    i.cal_Iq_Id         foc_common.o
    0x08006af0   0x08006af0   0x0000006c   Code   RO         4771    i.cal_Iq_test       foc_common.o
    0x08006b5c   0x08006b5c   0x00000084   Code   RO         4990    i.control_data_updata  foc_closeloop_control.o
    0x08006be0   0x08006be0   0x00000088   Code   RO         5107    i.data_feedback     foc_dataprocess.o
    0x08006c68   0x08006c68   0x00000024   Code   RO           14    i.delay_init        delay.o
    0x08006c8c   0x08006c8c   0x0000000a   Code   RO           15    i.delay_ms          delay.o
    0x08006c96   0x08006c96   0x00000002   PAD
    0x08006c98   0x08006c98   0x00000034   Code   RO           16    i.delay_us          delay.o
    0x08006ccc   0x08006ccc   0x00000038   Code   RO         4772    i.encoder_read      foc_common.o
    0x08006d04   0x08006d04   0x00000018   Code   RO         5370    i.fabs              m_wm.l(fabs.o)
    0x08006d1c   0x08006d1c   0x0000006c   Code   RO         5108    i.fdcan_send_msg    foc_dataprocess.o
    0x08006d88   0x08006d88   0x00000128   Code   RO         5109    i.foc_data_process  foc_dataprocess.o
    0x08006eb0   0x08006eb0   0x00000064   Code   RO         4773    i.foc_init          foc_common.o
    0x08006f14   0x08006f14   0x000000b4   Code   RO         4991    i.foc_set_angle_control  foc_closeloop_control.o
    0x08006fc8   0x08006fc8   0x000000dc   Code   RO         4992    i.foc_set_angle_velocity_current_control  foc_closeloop_control.o
    0x080070a4   0x080070a4   0x0000008c   Code   RO         4993    i.foc_set_current_control  foc_closeloop_control.o
    0x08007130   0x08007130   0x000000b4   Code   RO         4994    i.foc_set_velocity_control  foc_closeloop_control.o
    0x080071e4   0x080071e4   0x000000bc   Code   RO         4995    i.foc_set_velocity_current_control  foc_closeloop_control.o
    0x080072a0   0x080072a0   0x00000018   Code   RO          478    i.fputc             usart.o
    0x080072b8   0x080072b8   0x00000058   Code   RO         4774    i.getAngle          foc_common.o
    0x08007310   0x08007310   0x0000009c   Code   RO         4775    i.getVelocity       foc_common.o
    0x080073ac   0x080073ac   0x00000020   Code   RO         4776    i.get_LPF_velocity  foc_common.o
    0x080073cc   0x080073cc   0x00000028   Code   RO         5054    i.get_current_raw_data  foc_inlinecurrent.o
    0x080073f4   0x080073f4   0x00000078   Code   RO          237    i.main              main.o
    0x0800746c   0x0800746c   0x000002b4   Code   RO         4780    i.setPhaseVoltage   foc_common.o
    0x08007720   0x08007720   0x000000c4   Code   RO         4781    i.setPwm            foc_common.o
    0x080077e4   0x080077e4   0x0000002c   Code   RO         5449    locale$$code        c_w.l(lc_numeric_c.o)
    0x08007810   0x08007810   0x00000018   Code   RO         5316    x$fpl$basic         fz_wm.l(basic.o)
    0x08007828   0x08007828   0x00000062   Code   RO         5206    x$fpl$d2f           fz_wm.l(d2f.o)
    0x0800788a   0x0800788a   0x00000002   PAD
    0x0800788c   0x0800788c   0x00000150   Code   RO         5208    x$fpl$dadd          fz_wm.l(daddsub_clz.o)
    0x080079dc   0x080079dc   0x00000018   Code   RO         5451    x$fpl$dcmpinf       fz_wm.l(dcmpi.o)
    0x080079f4   0x080079f4   0x000002b0   Code   RO         5215    x$fpl$ddiv          fz_wm.l(ddiv.o)
    0x08007ca4   0x08007ca4   0x00000078   Code   RO         5318    x$fpl$deqf          fz_wm.l(deqf.o)
    0x08007d1c   0x08007d1c   0x0000005e   Code   RO         5218    x$fpl$dfix          fz_wm.l(dfix.o)
    0x08007d7a   0x08007d7a   0x0000002e   Code   RO         5223    x$fpl$dflt          fz_wm.l(dflt_clz.o)
    0x08007da8   0x08007da8   0x00000026   Code   RO         5222    x$fpl$dfltu         fz_wm.l(dflt_clz.o)
    0x08007dce   0x08007dce   0x00000002   PAD
    0x08007dd0   0x08007dd0   0x00000078   Code   RO         5320    x$fpl$dleqf         fz_wm.l(dleqf.o)
    0x08007e48   0x08007e48   0x00000154   Code   RO         5228    x$fpl$dmul          fz_wm.l(dmul.o)
    0x08007f9c   0x08007f9c   0x0000009c   Code   RO         5322    x$fpl$dnaninf       fz_wm.l(dnaninf.o)
    0x08008038   0x08008038   0x00000150   Code   RO         5324    x$fpl$drem          fz_wm.l(drem_clz.o)
    0x08008188   0x08008188   0x0000000c   Code   RO         5326    x$fpl$dretinf       fz_wm.l(dretinf.o)
    0x08008194   0x08008194   0x0000006c   Code   RO         5328    x$fpl$drleqf        fz_wm.l(drleqf.o)
    0x08008200   0x08008200   0x00000016   Code   RO         5209    x$fpl$drsb          fz_wm.l(daddsub_clz.o)
    0x08008216   0x08008216   0x00000002   PAD
    0x08008218   0x08008218   0x00000198   Code   RO         5330    x$fpl$dsqrt         fz_wm.l(dsqrt_umaal.o)
    0x080083b0   0x080083b0   0x000001d4   Code   RO         5210    x$fpl$dsub          fz_wm.l(daddsub_clz.o)
    0x08008584   0x08008584   0x00000056   Code   RO         5230    x$fpl$f2d           fz_wm.l(f2d.o)
    0x080085da   0x080085da   0x0000008c   Code   RO         5332    x$fpl$fnaninf       fz_wm.l(fnaninf.o)
    0x08008666   0x08008666   0x0000000a   Code   RO         5535    x$fpl$fpinit        fz_wm.l(fpinit.o)
    0x08008670   0x08008670   0x0000000a   Code   RO         5334    x$fpl$fretinf       fz_wm.l(fretinf.o)
    0x0800867a   0x0800867a   0x00000004   Code   RO         5232    x$fpl$printf1       fz_wm.l(printf1.o)
    0x0800867e   0x0800867e   0x00000000   Code   RO         5336    x$fpl$usenofp       fz_wm.l(usenofp.o)
    0x0800867e   0x0800867e   0x00000010   Data   RO         2673    .constdata          stm32g4xx_hal_fdcan.o
    0x0800868e   0x0800868e   0x00000018   Data   RO         4211    .constdata          stm32g4xx_hal_uart.o
    0x080086a6   0x080086a6   0x00000010   Data   RO         4577    .constdata          stm32g4xx_hal_uart_ex.o
    0x080086b6   0x080086b6   0x00000010   Data   RO         4682    .constdata          system_stm32g4xx.o
    0x080086c6   0x080086c6   0x00000008   Data   RO         4683    .constdata          system_stm32g4xx.o
    0x080086ce   0x080086ce   0x00000002   PAD
    0x080086d0   0x080086d0   0x00000098   Data   RO         5340    .constdata          m_wm.l(atan.o)
    0x08008768   0x08008768   0x00000030   Data   RO         5352    .constdata          m_wm.l(cos_i.o)
    0x08008798   0x08008798   0x00000008   Data   RO         5374    .constdata          m_wm.l(qnan.o)
    0x080087a0   0x080087a0   0x000000c8   Data   RO         5377    .constdata          m_wm.l(rred.o)
    0x08008868   0x08008868   0x00000028   Data   RO         5381    .constdata          m_wm.l(sin_i.o)
    0x08008890   0x08008890   0x00000094   Data   RO         5420    .constdata          c_w.l(bigflt0.o)
    0x08008924   0x08008924   0x00000020   Data   RO         5597    Region$$Table       anon$$obj.o
    0x08008944   0x08008944   0x0000001c   Data   RO         5448    locale$$data        c_w.l(lc_numeric_c.o)


    Execution Region RW_IRAM1 (Exec base: 0x20000000, Load base: 0x08008960, Size: 0x00000b70, Max: 0x00008000, ABSOLUTE, COMPRESSED[0x00000078])

    Exec Addr    Load Addr    Size         Type   Attr      Idx    E Section Name        Object

    0x20000000   COMPRESSED   0x00000004   Data   RW           17    .data               delay.o
    0x20000004   COMPRESSED   0x00000001   Data   RW          367    .data               fdcan.o
    0x20000005   COMPRESSED   0x00000003   PAD
    0x20000008   COMPRESSED   0x00000004   Data   RW          480    .data               usart.o
    0x2000000c   COMPRESSED   0x0000000c   Data   RW         1145    .data               stm32g4xx_hal.o
    0x20000018   COMPRESSED   0x00000004   Data   RW         4684    .data               system_stm32g4xx.o
    0x2000001c   COMPRESSED   0x00000008   Data   RW         4722    .data               encoder.o
    0x20000024   COMPRESSED   0x00000060   Data   RW         4782    .data               foc_common.o
    0x20000084   COMPRESSED   0x00000030   Data   RW         4907    .data               lowpass_filter.o
    0x200000b4   COMPRESSED   0x00000124   Data   RW         4953    .data               pid.o
    0x200001d8   COMPRESSED   0x00000020   Data   RW         4996    .data               foc_closeloop_control.o
    0x200001f8   COMPRESSED   0x00000034   Data   RW         5055    .data               foc_inlinecurrent.o
    0x2000022c   COMPRESSED   0x00000010   Data   RW         5111    .data               foc_dataprocess.o
    0x2000023c        -       0x000000cc   Zero   RW          298    .bss                adc.o
    0x20000308        -       0x00000024   Zero   RW          364    .bss                fdcan.o
    0x2000032c        -       0x00000028   Zero   RW          365    .bss                fdcan.o
    0x20000354        -       0x0000007c   Zero   RW          366    .bss                fdcan.o
    0x200003d0        -       0x00000098   Zero   RW          413    .bss                tim.o
    0x20000468        -       0x00000094   Zero   RW          479    .bss                usart.o
    0x200004fc        -       0x00000014   Zero   RW         5110    .bss                foc_dataprocess.o
    0x20000510        -       0x00000060   Zero   RW         5460    .bss                c_w.l(libspace.o)
    0x20000570        -       0x00000200   Zero   RW            2    HEAP                startup_stm32g431xx.o
    0x20000770        -       0x00000400   Zero   RW            1    STACK               startup_stm32g431xx.o


==============================================================================

Image component sizes


      Code (inc. data)   RO Data    RW Data    ZI Data      Debug   Object Name

       356         30          0          0        204       1975   adc.o
        98         12          0          4          0     699833   delay.o
        60          4          0          0          0        822   dma.o
        52         14          0          8          0       2070   encoder.o
       332         26          0          1        200       2063   fdcan.o
      1040        114          0         32          0       4508   foc_closeloop_control.o
      2808        476          0         96          0      12017   foc_common.o
       648        100          0         16         20       4467   foc_dataprocess.o
       368         52          0         52          0       4423   foc_inlinecurrent.o
       152         10          0          0          0        955   gpio.o
       656         88          0         48          0       4035   lowpass_filter.o
       224         22          0          0          0       2044   main.o
       412         26          0        292          0       3070   pid.o
        64         26        472          0       1536        848   startup_stm32g431xx.o
       126         20          0         12          0       3717   stm32g4xx_hal.o
      2320        138          0          0          0      81119   stm32g4xx_hal_adc.o
       372         18          0          0          0      69229   stm32g4xx_hal_adc_ex.o
       258         24          0          0          0      35128   stm32g4xx_hal_cortex.o
       680         30          0          0          0       5107   stm32g4xx_hal_dma.o
      1798         30         16          0          0      18226   stm32g4xx_hal_fdcan.o
       618         40          0          0          0       2991   stm32g4xx_hal_gpio.o
        48          6          0          0          0        878   stm32g4xx_hal_msp.o
       204         18          0          0          0       1417   stm32g4xx_hal_pwr_ex.o
      1684         88          0          0          0       6312   stm32g4xx_hal_rcc.o
       648         10          0          0          0       1896   stm32g4xx_hal_rcc_ex.o
      1978        216          0          0          0      12217   stm32g4xx_hal_tim.o
       156         24          0          0          0       1492   stm32g4xx_hal_tim_ex.o
      1338         72         24          0          0      25174   stm32g4xx_hal_uart.o
       282          6         16          0          0       3701   stm32g4xx_hal_uart_ex.o
        80         18          0          0          0       5700   stm32g4xx_it.o
        16          4         24          4          0       1147   system_stm32g4xx.o
       476         34          0          0        152       3746   tim.o
       290         28          0          4        148       4126   usart.o

    ----------------------------------------------------------------------
     20680       1824        586        572       2260    1026453   Object Totals
         0          0         32          0          0          0   (incl. Generated)
        38          0          2          3          0          0   (incl. Padding)

    ----------------------------------------------------------------------

      Code (inc. data)   RO Data    RW Data    ZI Data      Debug   Library Member Name

        90          0          0          0          0          0   __dczerorl2.o
         8          0          0          0          0         68   __main.o
       284          0          0          0          0        156   __printf_wp.o
         0          0          0          0          0          0   __rtentry.o
        12          0          0          0          0          0   __rtentry2.o
         6          0          0          0          0          0   __rtentry4.o
        52          8          0          0          0          0   __scatter.o
        28          0          0          0          0          0   __scatter_zi.o
        48          6          0          0          0         96   _printf_char_common.o
        36          4          0          0          0         80   _printf_char_file.o
         6          0          0          0          0          0   _printf_d.o
       120         16          0          0          0         92   _printf_dec.o
         6          0          0          0          0          0   _printf_f.o
      1054          0          0          0          0        216   _printf_fp_dec.o
       128         16          0          0          0         84   _printf_fp_infnan.o
       178          0          0          0          0         88   _printf_intcommon.o
         0          0          0          0          0          0   _printf_percent.o
         4          0          0          0          0          0   _printf_percent_end.o
        22          0          0          0          0        100   _rserrno.o
       228          4        148          0          0         96   bigflt0.o
      1936        128          0          0          0        672   btod.o
        18          0          0          0          0         80   exit.o
         8          0          0          0          0         68   ferror.o
         6          0          0          0          0        152   heapauxi.o
        44         10         28          0          0         76   lc_numeric_c.o
         2          0          0          0          0          0   libinit.o
        22          0          0          0          0          0   libinit2.o
         2          0          0          0          0          0   libshutdown.o
         2          0          0          0          0          0   libshutdown2.o
         8          4          0          0         96         68   libspace.o
       138          0          0          0          0         80   lludiv10.o
       238          0          0          0          0        100   lludivv7m.o
        24          4          0          0          0         84   noretval__2printf.o
         8          4          0          0          0         68   rt_errno_addr_intlibspace.o
         8          4          0          0          0         68   rt_locale_intlibspace.o
        78          0          0          0          0         80   rt_memclr_w.o
         2          0          0          0          0          0   rtexit.o
        10          0          0          0          0          0   rtexit2.o
       128          0          0          0          0         68   strcmpv7m.o
        74          0          0          0          0         80   sys_stackheap_outer.o
         2          0          0          0          0         68   use_no_semi.o
         2          0          0          0          0         68   use_no_semi_2.o
        24          0          0          0          0        164   basic.o
        98          4          0          0          0        140   d2f.o
       826         16          0          0          0        492   daddsub_clz.o
        24          0          0          0          0        116   dcmpi.o
       688        140          0          0          0        256   ddiv.o
       120          4          0          0          0        140   deqf.o
        94          4          0          0          0        140   dfix.o
        84          0          0          0          0        232   dflt_clz.o
       120          4          0          0          0        140   dleqf.o
       340         12          0          0          0        152   dmul.o
       156          4          0          0          0        140   dnaninf.o
       336         12          0          0          0        136   drem_clz.o
        12          0          0          0          0        116   dretinf.o
       108          0          0          0          0        128   drleqf.o
       408         56          0          0          0        168   dsqrt_umaal.o
        86          4          0          0          0        132   f2d.o
       140          4          0          0          0        132   fnaninf.o
        10          0          0          0          0        116   fpinit.o
        10          0          0          0          0        116   fretinf.o
         4          0          0          0          0        116   printf1.o
         0          0          0          0          0          0   usenofp.o
       744        106        152          0          0        352   atan.o
       512         64          0          0          0        208   atan2.o
       200         20          0          0          0        164   cos.o
       368         46         48          0          0        200   cos_i.o
       104         16          0          0          0        496   dunder.o
        24          0          0          0          0        124   fabs.o
       280         28          0          0          0        156   floor.o
       260          6          0          0          0        144   fmod.o
        48          0          0          0          0        124   fpclassify.o
       248          0          0          0          0        152   poly.o
         0          0          8          0          0          0   qnan.o
      1080        142        200          0          0        188   rred.o
       200         20          0          0          0        164   sin.o
       304         24         40          0          0        208   sin_i.o
       122          0          0          0          0        148   sqrt.o

    ----------------------------------------------------------------------
     13278        948        624          0         96       9056   Library Totals
        26          4          0          0          0          0   (incl. Padding)

    ----------------------------------------------------------------------

      Code (inc. data)   RO Data    RW Data    ZI Data      Debug   Library Name

      5070        208        176          0         96       2956   c_w.l
      3688        264          0          0          0       3272   fz_wm.l
      4494        472        448          0          0       2828   m_wm.l

    ----------------------------------------------------------------------
     13278        948        624          0         96       9056   Library Totals

    ----------------------------------------------------------------------

==============================================================================


      Code (inc. data)   RO Data    RW Data    ZI Data      Debug   

     33958       2772       1210        572       2356    1014697   Grand Totals
     33958       2772       1210        120       2356    1014697   ELF Image Totals (compressed)
     33958       2772       1210        120          0          0   ROM Totals

==============================================================================

    Total RO  Size (Code + RO Data)                35168 (  34.34kB)
    Total RW  Size (RW Data + ZI Data)              2928 (   2.86kB)
    Total ROM Size (Code + RO Data + RW Data)      35288 (  34.46kB)

==============================================================================

