<html>
<body>
<pre>
<h1>µVision Build Log</h1>
<h2>Tool Versions:</h2>
IDE-Version: ¦ÌVision V5.36.0.0
Copyright (C) 2021 ARM Ltd and ARM Germany GmbH. All rights reserved.
License Information: skyfall liang, SCUT, LIC=76F5U-SVFSM-TGT7T-RVJRL-LR27E-I2XHQ
 
Tool Versions:
Toolchain:       MDK-ARM Plus  Version: 5.36.0.0
Toolchain Path:  E:\MDK5.36\ARM\ARMCC\Bin
C Compiler:      Armcc.exe V5.06 update 7 (build 960)
Assembler:       Armasm.exe V5.06 update 7 (build 960)
Linker/Locator:  ArmLink.exe V5.06 update 7 (build 960)
Library Manager: ArmAr.exe V5.06 update 7 (build 960)
Hex Converter:   FromElf.exe V5.06 update 7 (build 960)
CPU DLL:         SARMCM3.DLL V5.36.0.0
Dialog DLL:      DCM.DLL V1.17.3.0
Target DLL:      STLink\ST-LINKIII-KEIL_SWO.dll V3.0.9.0
Dialog DLL:      TCM.DLL V1.53.0.0
 
<h2>Project:</h2>
E:\code\Keil_projects\STM32G431CBT6-FOC-V1\MDK-ARM\STM32G431CBT6-FOC-V1.uvprojx
Project File Date:  09/29/2025

<h2>Output:</h2>
*** Using Compiler 'V5.06 update 7 (build 960)', folder: 'E:\MDK5.36\ARM\ARMCC\Bin'
Build target 'STM32G431CBT6-FOC-V1'
assembling startup_stm32g431xx.s...
compiling main.c...
compiling fdcan.c...
compiling delay.c...
compiling dma.c...
compiling adc.c...
compiling tim.c...
compiling stm32g4xx_ll_adc.c...
compiling usart.c...
compiling gpio.c...
compiling stm32g4xx_hal_rcc.c...
compiling stm32g4xx_hal.c...
compiling stm32g4xx_hal_msp.c...
compiling stm32g4xx_hal_flash.c...
compiling stm32g4xx_it.c...
compiling stm32g4xx_hal_rcc_ex.c...
compiling stm32g4xx_hal_adc_ex.c...
compiling stm32g4xx_hal_adc.c...
compiling stm32g4xx_hal_exti.c...
compiling stm32g4xx_hal_dma.c...
compiling stm32g4xx_hal_dma_ex.c...
compiling stm32g4xx_hal_gpio.c...
compiling stm32g4xx_hal_flash_ex.c...
compiling stm32g4xx_hal_flash_ramfunc.c...
compiling stm32g4xx_hal_pwr.c...
compiling stm32g4xx_hal_pwr_ex.c...
compiling encoder.c...
compiling stm32g4xx_hal_uart_ex.c...
compiling stm32g4xx_hal_fdcan.c...
compiling stm32g4xx_hal_cortex.c...
compiling system_stm32g4xx.c...
compiling stm32g4xx_hal_tim_ex.c...
compiling stm32g4xx_hal_uart.c...
compiling stm32g4xx_hal_tim.c...
compiling pid.c...
compiling foc_dataprocess.c...
compiling foc_Inlinecurrent.c...
compiling lowpass_filter.c...
compiling foc_closeloop_control.c...
compiling foc_common.c...
linking...
Program Size: Code=33958 RO-data=1210 RW-data=572 ZI-data=2356  
FromELF: creating hex file...
"STM32G431CBT6-FOC-V1\STM32G431CBT6-FOC-V1.axf" - 0 Error(s), 0 Warning(s).

<h2>Software Packages used:</h2>

Package Vendor: ARM
                http://www.keil.com/pack/ARM.CMSIS.5.8.0.pack
                ARM.CMSIS.5.8.0
                CMSIS (Common Microcontroller Software Interface Standard)
   * Component: CORE Version: 5.5.0

Package Vendor: Keil
                https://www.keil.com/pack/Keil.STM32G4xx_DFP.2.0.0.pack
                Keil.STM32G4xx_DFP.2.0.0
                STMicroelectronics STM32G4 Series Device Support

<h2>Collection of Component include folders:</h2>
  .\RTE\_STM32G431CBT6-FOC-V1
  E:\MDK5.36\Packs\ARM\CMSIS\5.8.0\CMSIS\Core\Include

<h2>Collection of Component Files used:</h2>

   * Component: ARM::CMSIS:CORE:5.5.0
      Include file:  CMSIS\Core\Include\tz_context.h
Build Time Elapsed:  00:00:26
</pre>
</body>
</html>
